Component: ARM Compiler 5.06 update 4 (build 422) Tool: armlink [4d35d2]

==============================================================================

Section Cross References

    main.o(i.main) refers to _printf_percent.o(.ARM.Collect$$_printf_percent$$00000000) for _printf_percent
    main.o(i.main) refers to _printf_s.o(.ARM.Collect$$_printf_percent$$00000014) for _printf_s
    main.o(i.main) refers to _printf_str.o(.text) for _printf_str
    main.o(i.main) refers to _printf_pad.o(.text) for _printf_pre_padding
    main.o(i.main) refers to _printf_d.o(.ARM.Collect$$_printf_percent$$00000009) for _printf_d
    main.o(i.main) refers to _printf_dec.o(.text) for _printf_int_dec
    main.o(i.main) refers to misc.o(i.NVIC_PriorityGroupConfig) for NVIC_PriorityGroupConfig
    main.o(i.main) refers to delay.o(i.delay_init) for delay_init
    main.o(i.main) refers to usart.o(i.uart_init) for uart_init
    main.o(i.main) refers to led.o(i.LED_Init) for LED_Init
    main.o(i.main) refers to lcd.o(i.LCD_Init) for LCD_Init
    main.o(i.main) refers to key.o(i.KEY_Init) for KEY_Init
    main.o(i.main) refers to rtc.o(i.My_RTC_Init) for My_RTC_Init
    main.o(i.main) refers to dht11.o(i.DHT11_Init) for DHT11_Init
    main.o(i.main) refers to esp8266.o(i.esp8266_Init) for esp8266_Init
    main.o(i.main) refers to malloc.o(i.my_mem_init) for my_mem_init
    main.o(i.main) refers to exfuns.o(i.exfuns_init) for exfuns_init
    main.o(i.main) refers to ff.o(i.f_mount) for f_mount
    main.o(i.main) refers to key_board.o(i.key_load_ui) for key_load_ui
    main.o(i.main) refers to timer.o(i.TIM3_Int_Init) for TIM3_Int_Init
    main.o(i.main) refers to rtc.o(i.RTC_Get) for RTC_Get
    main.o(i.main) refers to esp8266.o(i.cleanReceiveData) for cleanReceiveData
    main.o(i.main) refers to key_board.o(i.get_keynum) for get_keynum
    main.o(i.main) refers to stm32f4xx_tim.o(i.TIM_Cmd) for TIM_Cmd
    main.o(i.main) refers to stm32f4xx_tim.o(i.TIM_SetCounter) for TIM_SetCounter
    main.o(i.main) refers to esp8266.o(i.u2_printf) for u2_printf
    main.o(i.main) refers to delay.o(i.delay_ms) for delay_ms
    main.o(i.main) refers to __2sprintf.o(.text) for __2sprintf
    main.o(i.main) refers to __2printf.o(.text) for __2printf
    main.o(i.main) refers to esp8266.o(i.sendAT) for sendAT
    main.o(i.main) refers to lcd.o(i.LCD_Fill) for LCD_Fill
    main.o(i.main) refers to text.o(i.Show_Str) for Show_Str
    main.o(i.main) refers to esp8266.o(i.decodeData) for decodeData
    main.o(i.main) refers to esp8266.o(.data) for start_flag
    main.o(i.main) refers to touch.o(.data) for tp_dev
    main.o(i.main) refers to exfuns.o(.bss) for fs
    main.o(i.main) refers to main.o(.data) for str
    main.o(i.main) refers to esp8266.o(.bss) for USART2_RX_BUF
    system_stm32f4xx.o(i.SystemCoreClockUpdate) refers to system_stm32f4xx.o(.data) for SystemCoreClock
    system_stm32f4xx.o(i.SystemInit) refers to system_stm32f4xx.o(i.SetSysClock) for SetSysClock
    startup_stm32f40_41xxx.o(STACK) refers (Special) to heapauxi.o(.text) for __use_two_region_memory
    startup_stm32f40_41xxx.o(HEAP) refers (Special) to heapauxi.o(.text) for __use_two_region_memory
    startup_stm32f40_41xxx.o(RESET) refers (Special) to heapauxi.o(.text) for __use_two_region_memory
    startup_stm32f40_41xxx.o(RESET) refers to startup_stm32f40_41xxx.o(STACK) for __initial_sp
    startup_stm32f40_41xxx.o(RESET) refers to startup_stm32f40_41xxx.o(.text) for Reset_Handler
    startup_stm32f40_41xxx.o(RESET) refers to stm32f4xx_it.o(i.NMI_Handler) for NMI_Handler
    startup_stm32f40_41xxx.o(RESET) refers to stm32f4xx_it.o(i.HardFault_Handler) for HardFault_Handler
    startup_stm32f40_41xxx.o(RESET) refers to stm32f4xx_it.o(i.MemManage_Handler) for MemManage_Handler
    startup_stm32f40_41xxx.o(RESET) refers to stm32f4xx_it.o(i.BusFault_Handler) for BusFault_Handler
    startup_stm32f40_41xxx.o(RESET) refers to stm32f4xx_it.o(i.UsageFault_Handler) for UsageFault_Handler
    startup_stm32f40_41xxx.o(RESET) refers to stm32f4xx_it.o(i.SVC_Handler) for SVC_Handler
    startup_stm32f40_41xxx.o(RESET) refers to stm32f4xx_it.o(i.DebugMon_Handler) for DebugMon_Handler
    startup_stm32f40_41xxx.o(RESET) refers to stm32f4xx_it.o(i.PendSV_Handler) for PendSV_Handler
    startup_stm32f40_41xxx.o(RESET) refers to stm32f4xx_it.o(i.SysTick_Handler) for SysTick_Handler
    startup_stm32f40_41xxx.o(RESET) refers to rtc.o(i.RTC_WKUP_IRQHandler) for RTC_WKUP_IRQHandler
    startup_stm32f40_41xxx.o(RESET) refers to timer.o(i.TIM3_IRQHandler) for TIM3_IRQHandler
    startup_stm32f40_41xxx.o(RESET) refers to usart.o(i.USART1_IRQHandler) for USART1_IRQHandler
    startup_stm32f40_41xxx.o(RESET) refers to esp8266.o(i.USART2_IRQHandler) for USART2_IRQHandler
    startup_stm32f40_41xxx.o(RESET) refers to rtc.o(i.RTC_Alarm_IRQHandler) for RTC_Alarm_IRQHandler
    startup_stm32f40_41xxx.o(RESET) refers to sdio_sdcard.o(i.SDIO_IRQHandler) for SDIO_IRQHandler
[...]
    _printf_truncate_unsigned                0x080009ff   Thumb Code    18  _printf_truncate.o(.text)
    _printf_int_common                       0x08000a11   Thumb Code   178  _printf_intcommon.o(.text)
    _printf_charcount                        0x08000ac3   Thumb Code    40  _printf_charcount.o(.text)
    _printf_char_common                      0x08000af7   Thumb Code    32  _printf_char_common.o(.text)
    _sputc                                   0x08000b1d   Thumb Code    10  _sputc.o(.text)
    _printf_cs_common                        0x08000b27   Thumb Code    20  _printf_char.o(.text)
    _printf_char                             0x08000b3b   Thumb Code    16  _printf_char.o(.text)
    _printf_string                           0x08000b4b   Thumb Code     8  _printf_char.o(.text)
    _printf_char_file                        0x08000b55   Thumb Code    32  _printf_char_file.o(.text)
    _printf_wctomb                           0x08000b79   Thumb Code   182  _printf_wctomb.o(.text)
    _printf_longlong_dec                     0x08000c35   Thumb Code   108  _printf_longlong_dec.o(.text)
    _printf_longlong_oct                     0x08000cb1   Thumb Code    66  _printf_oct_int_ll.o(.text)
    _printf_int_oct                          0x08000cf3   Thumb Code    24  _printf_oct_int_ll.o(.text)
    _printf_ll_oct                           0x08000d0b   Thumb Code    12  _printf_oct_int_ll.o(.text)
    __aeabi_memcpy4                          0x08000d21   Thumb Code     0  rt_memcpy_w.o(.text)
    __aeabi_memcpy8                          0x08000d21   Thumb Code     0  rt_memcpy_w.o(.text)
    __rt_memcpy_w                            0x08000d21   Thumb Code   100  rt_memcpy_w.o(.text)
    _memcpy_lastbytes_aligned                0x08000d69   Thumb Code     0  rt_memcpy_w.o(.text)
    __user_libspace                          0x08000d85   Thumb Code     8  libspace.o(.text)
    __user_perproc_libspace                  0x08000d85   Thumb Code     0  libspace.o(.text)
    __user_perthread_libspace                0x08000d85   Thumb Code     0  libspace.o(.text)
    __aeabi_errno_addr                       0x08000d8d   Thumb Code     8  rt_errno_addr_intlibspace.o(.text)
    __errno$intlibspace                      0x08000d8d   Thumb Code     0  rt_errno_addr_intlibspace.o(.text)
    __rt_errno_addr$intlibspace              0x08000d8d   Thumb Code     0  rt_errno_addr_intlibspace.o(.text)
    _ll_udiv10                               0x08000d95   Thumb Code   138  lludiv10.o(.text)
    __lib_sel_fp_printf                      0x08000e1f   Thumb Code     2  _printf_fp_dec.o(.text)
    _printf_fp_dec_real                      0x08000fcd   Thumb Code   620  _printf_fp_dec.o(.text)
    _printf_fp_hex_real                      0x08001239   Thumb Code   756  _printf_fp_hex.o(.text)
    _printf_lcs_common                       0x08001535   Thumb Code    20  _printf_wchar.o(.text)
    _printf_wchar                            0x08001549   Thumb Code    16  _printf_wchar.o(.text)
    _printf_wstring                          0x08001559   Thumb Code     8  _printf_wchar.o(.text)
    ferror                                   0x08001561   Thumb Code     8  ferror.o(.text)
    _wcrtomb                                 0x08001569   Thumb Code    64  _wcrtomb.o(.text)
    __user_setup_stackheap                   0x080015a9   Thumb Code    74  sys_stackheap_outer.o(.text)
    _printf_fp_infnan                        0x080015f5   Thumb Code   112  _printf_fp_infnan.o(.text)
    _btod_etento                             0x08001675   Thumb Code   216  bigflt0.o(.text)
    exit                                     0x08001751   Thumb Code    18  exit.o(.text)
    _btod_d2e                                0x08001763   Thumb Code    62  btod.o(CL$$btod_d2e)
    _d2e_denorm_low                          0x080017a1   Thumb Code    70  btod.o(CL$$btod_d2e_denorm_low)
    _d2e_norm_op1                            0x080017e7   Thumb Code    96  btod.o(CL$$btod_d2e_norm_op1)
    __btod_div_common                        0x08001847   Thumb Code   696  btod.o(CL$$btod_div_common)
    _e2e                                     0x08001b7f   Thumb Code   198  btod.o(CL$$btod_e2e)
    _btod_ediv                               0x08001c45   Thumb Code    40  btod.o(CL$$btod_ediv)
    _btod_emul                               0x08001c6d   Thumb Code    40  btod.o(CL$$btod_emul)
    __btod_mult_common                       0x08001c95   Thumb Code   580  btod.o(CL$$btod_mult_common)
    AT24CXX_Init                             0x08001ed9   Thumb Code     8  24cxx.o(i.AT24CXX_Init)
    AT24CXX_ReadLenByte                      0x08001ee1   Thumb Code    44  24cxx.o(i.AT24CXX_ReadLenByte)
    AT24CXX_ReadOneByte                      0x08001f0d   Thumb Code    88  24cxx.o(i.AT24CXX_ReadOneByte)
    AT24CXX_WriteLenByte                     0x08001f65   Thumb Code    42  24cxx.o(i.AT24CXX_WriteLenByte)
    AT24CXX_WriteOneByte                     0x08001f8f   Thumb Code    80  24cxx.o(i.AT24CXX_WriteOneByte)
    BusFault_Handler                         0x08001fdf   Thumb Code     4  stm32f4xx_it.o(i.BusFault_Handler)
    ClearnSDCache                            0x08001fe5   Thumb Code    36  esp8266.o(i.ClearnSDCache)
    CmdError                                 0x08002019   Thumb Code    48  sdio_sdcard.o(i.CmdError)
    CmdResp1Error                            0x08002049   Thumb Code    94  sdio_sdcard.o(i.CmdResp1Error)
    CmdResp2Error                            0x080020ad   Thumb Code    80  sdio_sdcard.o(i.CmdResp2Error)
    CmdResp3Error                            0x08002101   Thumb Code    50  sdio_sdcard.o(i.CmdResp3Error)
    CmdResp6Error                            0x08002139   Thumb Code   144  sdio_sdcard.o(i.CmdResp6Error)
    CmdResp7Error                            0x080021cd   Thumb Code    70  sdio_sdcard.o(i.CmdResp7Error)
    DHT11_Check                              0x08002219   Thumb Code    88  dht11.o(i.DHT11_Check)
    DHT11_Init                               0x08002279   Thumb Code    56  dht11.o(i.DHT11_Init)
    DHT11_Read_Bit                           0x080022b5   Thumb Code    70  dht11.o(i.DHT11_Read_Bit)
    DHT11_Read_Byte                          0x08002301   Thumb Code    30  dht11.o(i.DHT11_Read_Byte)
    DHT11_Read_Data                          0x0800231f   Thumb Code    88  dht11.o(i.DHT11_Read_Data)
    DHT11_Rst                                0x08002379   Thumb Code    52  dht11.o(i.DHT11_Rst)
    DMA_Cmd                                  0x080023b9   Thumb Code    22  stm32f4xx_dma.o(i.DMA_Cmd)
    DMA_DeInit                               0x080023d1   Thumb Code   324  stm32f4xx_dma.o(i.DMA_DeInit)
    DMA_FlowControllerConfig                 0x08002529   Thumb Code    22  stm32f4xx_dma.o(i.DMA_FlowControllerConfig)
    DMA_GetCmdStatus                         0x0800253f   Thumb Code    20  stm32f4xx_dma.o(i.DMA_GetCmdStatus)
    DMA_Init                                 0x08002555   Thumb Code    82  stm32f4xx_dma.o(i.DMA_Init)
    DebugMon_Handler                         0x080025ad   Thumb Code     2  stm32f4xx_it.o(i.DebugMon_Handler)
    EXTI_ClearITPendingBit                   0x080025b1   Thumb Code     6  stm32f4xx_exti.o(i.EXTI_ClearITPendingBit)
    FSMC_NORSRAMCmd                          0x080025bd   Thumb Code    46  stm32f4xx_fsmc.o(i.FSMC_NORSRAMCmd)
    FSMC_NORSRAMInit                         0x080025f1   Thumb Code   230  stm32f4xx_fsmc.o(i.FSMC_NORSRAMInit)
    FindSCR                                  0x080026d9   Thumb Code   388  sdio_sdcard.o(i.FindSCR)
    GPIO_Init                                0x0800286d   Thumb Code   144  stm32f4xx_gpio.o(i.GPIO_Init)
    GPIO_PinAFConfig                         0x080028fd   Thumb Code    70  stm32f4xx_gpio.o(i.GPIO_PinAFConfig)
    GPIO_SetBits                             0x08002943   Thumb Code     4  stm32f4xx_gpio.o(i.GPIO_SetBits)
    Get_HzMat                                0x08002949   Thumb Code   278  text.o(i.Get_HzMat)
    HardFault_Handler                        0x08002a8d   Thumb Code     4  stm32f4xx_it.o(i.HardFault_Handler)
    IIC_Ack                                  0x08002a91   Thumb Code    66  myiic.o(i.IIC_Ack)
    IIC_Init                                 0x08002ae1   Thumb Code    62  myiic.o(i.IIC_Init)
    IIC_NAck                                 0x08002b2d   Thumb Code    66  myiic.o(i.IIC_NAck)
    IIC_Read_Byte                            0x08002b7d   Thumb Code    94  myiic.o(i.IIC_Read_Byte)
    IIC_Send_Byte                            0x08002be9   Thumb Code    90  myiic.o(i.IIC_Send_Byte)
    IIC_Start                                0x08002c51   Thumb Code    64  myiic.o(i.IIC_Start)
    IIC_Stop                                 0x08002c9d   Thumb Code    62  myiic.o(i.IIC_Stop)
    IIC_Wait_Ack                             0x08002ce9   Thumb Code    82  myiic.o(i.IIC_Wait_Ack)
    IsCardProgramming                        0x08002d49   Thumb Code   146  sdio_sdcard.o(i.IsCardProgramming)
    KEY_Init                                 0x08002de9   Thumb Code    60  key.o(i.KEY_Init)
    LCD_Clear                                0x08002e2d   Thumb Code   100  lcd.o(i.LCD_Clear)
    LCD_Display_Dir                          0x08002e99   Thumb Code   444  lcd.o(i.LCD_Display_Dir)
    LCD_DrawLine                             0x08003059   Thumb Code   176  lcd.o(i.LCD_DrawLine)
    LCD_DrawPoint                            0x08003109   Thumb Code    28  lcd.o(i.LCD_DrawPoint)
    LCD_DrawRectangle                        0x0800312d   Thumb Code    60  lcd.o(i.LCD_DrawRectangle)
    LCD_Draw_Circle                          0x08003169   Thumb Code   152  lcd.o(i.LCD_Draw_Circle)
    LCD_Fast_DrawPoint                       0x08003201   Thumb Code   374  lcd.o(i.LCD_Fast_DrawPoint)
    LCD_Fill                                 0x08003381   Thumb Code   180  lcd.o(i.LCD_Fill)
    LCD_Init                                 0x08003439   Thumb Code 14696  lcd.o(i.LCD_Init)
    LCD_Pow                                  0x08006da9   Thumb Code    22  lcd.o(i.LCD_Pow)
    LCD_RD_DATA                              0x08006dc1   Thumb Code    14  lcd.o(i.LCD_RD_DATA)
    LCD_ReadReg                              0x08006dd5   Thumb Code    22  lcd.o(i.LCD_ReadReg)
    LCD_SSD_BackLightSet                     0x08006ded   Thumb Code    88  lcd.o(i.LCD_SSD_BackLightSet)
    LCD_Scan_Dir                             0x08006e4d   Thumb Code   744  lcd.o(i.LCD_Scan_Dir)
    LCD_SetCursor                            0x08007139   Thumb Code   418  lcd.o(i.LCD_SetCursor)
    LCD_ShowChar                             0x080072e1   Thumb Code   272  lcd.o(i.LCD_ShowChar)
    LCD_ShowNum                              0x08007409   Thumb Code   148  lcd.o(i.LCD_ShowNum)
    LCD_ShowString                           0x0800749d   Thumb Code   102  lcd.o(i.LCD_ShowString)
    LCD_WR_DATA                              0x08007505   Thumb Code    18  lcd.o(i.LCD_WR_DATA)
    LCD_WR_REG                               0x0800751d   Thumb Code    18  lcd.o(i.LCD_WR_REG)
    LCD_WriteRAM_Prepare                     0x08007535   Thumb Code    10  lcd.o(i.LCD_WriteRAM_Prepare)
    LCD_WriteReg                             0x08007549   Thumb Code    14  lcd.o(i.LCD_WriteReg)
    LED_Init                                 0x0800755d   Thumb Code    60  led.o(i.LED_Init)
    MemManage_Handler                        0x0800759d   Thumb Code     4  stm32f4xx_it.o(i.MemManage_Handler)
    My_RTC_Init                              0x080075a1   Thumb Code   138  rtc.o(i.My_RTC_Init)
    NMI_Handler                              0x0800762b   Thumb Code     2  stm32f4xx_it.o(i.NMI_Handler)
    NVIC_Init                                0x0800762d   Thumb Code   106  misc.o(i.NVIC_Init)
    NVIC_PriorityGroupConfig                 0x080076a5   Thumb Code    10  misc.o(i.NVIC_PriorityGroupConfig)
    OpenDoor                                 0x080076b9   Thumb Code   384  esp8266.o(i.OpenDoor)
    PWR_BackupAccessCmd                      0x080078c9   Thumb Code     6  stm32f4xx_pwr.o(i.PWR_BackupAccessCmd)
    PendSV_Handler                           0x080078d5   Thumb Code     2  stm32f4xx_it.o(i.PendSV_Handler)
    RCC_AHB1PeriphClockCmd                   0x080078d9   Thumb Code    26  stm32f4xx_rcc.o(i.RCC_AHB1PeriphClockCmd)
    RCC_AHB3PeriphClockCmd                   0x080078f9   Thumb Code    26  stm32f4xx_rcc.o(i.RCC_AHB3PeriphClockCmd)
    RCC_APB1PeriphClockCmd                   0x08007919   Thumb Code    26  stm32f4xx_rcc.o(i.RCC_APB1PeriphClockCmd)
    RCC_APB1PeriphResetCmd                   0x08007939   Thumb Code    26  stm32f4xx_rcc.o(i.RCC_APB1PeriphResetCmd)
    RCC_APB2PeriphClockCmd                   0x08007959   Thumb Code    26  stm32f4xx_rcc.o(i.RCC_APB2PeriphClockCmd)
    RCC_APB2PeriphResetCmd                   0x08007979   Thumb Code    26  stm32f4xx_rcc.o(i.RCC_APB2PeriphResetCmd)
    RCC_GetClocksFreq                        0x08007999   Thumb Code   214  stm32f4xx_rcc.o(i.RCC_GetClocksFreq)
    RCC_GetFlagStatus                        0x08007a81   Thumb Code    60  stm32f4xx_rcc.o(i.RCC_GetFlagStatus)
    RCC_LSEConfig                            0x08007ac1   Thumb Code    40  stm32f4xx_rcc.o(i.RCC_LSEConfig)
    RCC_RTCCLKCmd                            0x08007aed   Thumb Code     6  stm32f4xx_rcc.o(i.RCC_RTCCLKCmd)
    RCC_RTCCLKConfig                         0x08007af9   Thumb Code    50  stm32f4xx_rcc.o(i.RCC_RTCCLKConfig)
    RTC_AlarmCmd                             0x08007b35   Thumb Code   112  stm32f4xx_rtc.o(i.RTC_AlarmCmd)
    RTC_Alarm_IRQHandler                     0x08007ba9   Thumb Code    40  rtc.o(i.RTC_Alarm_IRQHandler)
    RTC_ClearFlag                            0x08007c05   Thumb Code    24  stm32f4xx_rtc.o(i.RTC_ClearFlag)
    RTC_EnterInitMode                        0x08007c21   Thumb Code    76  stm32f4xx_rtc.o(i.RTC_EnterInitMode)
    RTC_ExitInitMode                         0x08007c71   Thumb Code    14  stm32f4xx_rtc.o(i.RTC_ExitInitMode)
    RTC_Get                                  0x08007c85   Thumb Code   168  rtc.o(i.RTC_Get)
    RTC_GetDate                              0x08007d55   Thumb Code    68  stm32f4xx_rtc.o(i.RTC_GetDate)
    RTC_GetFlagStatus                        0x08007da1   Thumb Code    32  stm32f4xx_rtc.o(i.RTC_GetFlagStatus)
    RTC_GetTime                              0x08007dc9   Thumb Code    72  stm32f4xx_rtc.o(i.RTC_GetTime)
    RTC_Get_Week                             0x08007e19   Thumb Code   116  rtc.o(i.RTC_Get_Week)
    RTC_Init                                 0x08007e91   Thumb Code    94  stm32f4xx_rtc.o(i.RTC_Init)
    RTC_ReadBackupRegister                   0x08007ef5   Thumb Code    26  stm32f4xx_rtc.o(i.RTC_ReadBackupRegister)
    RTC_SetDate                              0x08007f15   Thumb Code   190  stm32f4xx_rtc.o(i.RTC_SetDate)
    RTC_SetTime                              0x08007fdd   Thumb Code   198  stm32f4xx_rtc.o(i.RTC_SetTime)
    RTC_Set_Date                             0x080080ad   Thumb Code    36  rtc.o(i.RTC_Set_Date)
    RTC_Set_Time                             0x080080d1   Thumb Code    36  rtc.o(i.RTC_Set_Time)
    RTC_WKUP_IRQHandler                      0x080080f5   Thumb Code    46  rtc.o(i.RTC_WKUP_IRQHandler)
    RTC_WaitForSynchro                       0x08008129   Thumb Code    92  stm32f4xx_rtc.o(i.RTC_WaitForSynchro)
    RTC_WriteBackupRegister                  0x08008189   Thumb Code    24  stm32f4xx_rtc.o(i.RTC_WriteBackupRegister)
    SDEnWideBus                              0x080081a5   Thumb Code   158  sdio_sdcard.o(i.SDEnWideBus)
    SDIO_ClearFlag                           0x08008251   Thumb Code     6  stm32f4xx_sdio.o(i.SDIO_ClearFlag)
    SDIO_Clock_Set                           0x0800825d   Thumb Code    16  sdio_sdcard.o(i.SDIO_Clock_Set)
    SDIO_DataConfig                          0x08008271   Thumb Code    46  stm32f4xx_sdio.o(i.SDIO_DataConfig)
    SDIO_GetFlagStatus                       0x080082a5   Thumb Code    20  stm32f4xx_sdio.o(i.SDIO_GetFlagStatus)
    SDIO_GetPowerState                       0x080082bd   Thumb Code    10  stm32f4xx_sdio.o(i.SDIO_GetPowerState)
    SDIO_IRQHandler                          0x080082cd   Thumb Code     8  sdio_sdcard.o(i.SDIO_IRQHandler)
    SDIO_Init                                0x080082d5   Thumb Code    42  stm32f4xx_sdio.o(i.SDIO_Init)
    SDIO_Register_Deinit                     0x08008305   Thumb Code    48  sdio_sdcard.o(i.SDIO_Register_Deinit)
    SDIO_SendCommand                         0x0800833d   Thumb Code    40  stm32f4xx_sdio.o(i.SDIO_SendCommand)
    SDIO_SetPowerState                       0x08008369   Thumb Code     6  stm32f4xx_sdio.o(i.SDIO_SetPowerState)
    SD_DMA_Config                            0x08008375   Thumb Code   118  sdio_sdcard.o(i.SD_DMA_Config)
    SD_EnableWideBusOperation                0x080083f5   Thumb Code    94  sdio_sdcard.o(i.SD_EnableWideBusOperation)
    SD_GetCardInfo                           0x0800845d   Thumb Code   772  sdio_sdcard.o(i.SD_GetCardInfo)
    SD_Init                                  0x08008771   Thumb Code   284  sdio_sdcard.o(i.SD_Init)
    SD_InitializeCards                       0x080088a1   Thumb Code   330  sdio_sdcard.o(i.SD_InitializeCards)
    SD_PowerON                               0x08008a05   Thumb Code   460  sdio_sdcard.o(i.SD_PowerON)
    SD_ProcessIRQSrc                         0x08008be9   Thumb Code   318  sdio_sdcard.o(i.SD_ProcessIRQSrc)
    SD_ReadBlock                             0x08008d3d   Thumb Code   574  sdio_sdcard.o(i.SD_ReadBlock)
    SD_ReadDisk                              0x08008fa5   Thumb Code   148  sdio_sdcard.o(i.SD_ReadDisk)
    SD_ReadMultiBlocks                       0x0800903d   Thumb Code   710  sdio_sdcard.o(i.SD_ReadMultiBlocks)
    SD_SelectDeselect                        0x08009331   Thumb Code    42  sdio_sdcard.o(i.SD_SelectDeselect)
    SD_SetDeviceMode                         0x08009361   Thumb Code    20  sdio_sdcard.o(i.SD_SetDeviceMode)
    SD_WriteBlock                            0x08009379   Thumb Code   862  sdio_sdcard.o(i.SD_WriteBlock)
    SD_WriteDisk                             0x08009701   Thumb Code   148  sdio_sdcard.o(i.SD_WriteDisk)
    SD_WriteMultiBlocks                      0x08009799   Thumb Code   934  sdio_sdcard.o(i.SD_WriteMultiBlocks)
    SVC_Handler                              0x08009b69   Thumb Code     2  stm32f4xx_it.o(i.SVC_Handler)
    SendOnline                               0x08009b6d   Thumb Code   112  esp8266.o(i.SendOnline)
    SetNet                                   0x08009bf9   Thumb Code   106  esp8266.o(i.SetNet)
    SetTime                                  0x08009d7d   Thumb Code   456  esp8266.o(i.SetTime)
    Show_Font                                0x08009f79   Thumb Code   190  text.o(i.Show_Font)
    Show_Str                                 0x0800a041   Thumb Code   194  text.o(i.Show_Str)
    Show_Str_Mid                             0x0800a105   Thumb Code   106  text.o(i.Show_Str_Mid)
    SysTick_CLKSourceConfig                  0x0800a175   Thumb Code    40  misc.o(i.SysTick_CLKSourceConfig)
    SysTick_Handler                          0x0800a19d   Thumb Code     2  stm32f4xx_it.o(i.SysTick_Handler)
    SystemInit                               0x0800a1a1   Thumb Code    88  system_stm32f4xx.o(i.SystemInit)
    TIM3_IRQHandler                          0x0800a209   Thumb Code   118  timer.o(i.TIM3_IRQHandler)
    TIM3_Int_Init                            0x0800a295   Thumb Code    88  timer.o(i.TIM3_Int_Init)
    TIM_ClearITPendingBit                    0x0800a2f1   Thumb Code     6  stm32f4xx_tim.o(i.TIM_ClearITPendingBit)
    TIM_Cmd                                  0x0800a2f7   Thumb Code    24  stm32f4xx_tim.o(i.TIM_Cmd)
    TIM_GetITStatus                          0x0800a30f   Thumb Code    34  stm32f4xx_tim.o(i.TIM_GetITStatus)
    TIM_ITConfig                             0x0800a331   Thumb Code    18  stm32f4xx_tim.o(i.TIM_ITConfig)
    TIM_SetCounter                           0x0800a343   Thumb Code     4  stm32f4xx_tim.o(i.TIM_SetCounter)
    TIM_TimeBaseInit                         0x0800a349   Thumb Code   104  stm32f4xx_tim.o(i.TIM_TimeBaseInit)
    TP_Adj_Info_Show                         0x0800a3cd   Thumb Code   374  touch.o(i.TP_Adj_Info_Show)
    TP_Adjust                                0x0800a575   Thumb Code  2304  touch.o(i.TP_Adjust)
    TP_Drow_Touch_Point                      0x0800ae75   Thumb Code   108  touch.o(i.TP_Drow_Touch_Point)
    TP_Get_Adjdata                           0x0800aee5   Thumb Code   160  touch.o(i.TP_Get_Adjdata)
    TP_Init                                  0x0800af95   Thumb Code   148  touch.o(i.TP_Init)
    TP_Read_AD                               0x0800b039   Thumb Code   132  touch.o(i.TP_Read_AD)
    TP_Read_XOY                              0x0800b0cd   Thumb Code   120  touch.o(i.TP_Read_XOY)
    TP_Read_XY                               0x0800b145   Thumb Code    38  touch.o(i.TP_Read_XY)
    TP_Read_XY2                              0x0800b175   Thumb Code   192  touch.o(i.TP_Read_XY2)
    TP_Save_Adjdata                          0x0800b235   Thumb Code   118  touch.o(i.TP_Save_Adjdata)
    TP_Scan                                  0x0800b2b5   Thumb Code   242  touch.o(i.TP_Scan)
    TP_Write_Byte                            0x0800b3b1   Thumb Code    64  touch.o(i.TP_Write_Byte)
    USART1_IRQHandler                        0x0800b3fd   Thumb Code   122  usart.o(i.USART1_IRQHandler)
    USART2_IRQHandler                        0x0800b485   Thumb Code   108  esp8266.o(i.USART2_IRQHandler)
    USART_Cmd                                0x0800b501   Thumb Code    24  stm32f4xx_usart.o(i.USART_Cmd)
    USART_DeInit                             0x0800b519   Thumb Code   206  stm32f4xx_usart.o(i.USART_DeInit)
    USART_GetFlagStatus                      0x0800b609   Thumb Code    26  stm32f4xx_usart.o(i.USART_GetFlagStatus)
    USART_GetITStatus                        0x0800b623   Thumb Code    84  stm32f4xx_usart.o(i.USART_GetITStatus)
    USART_ITConfig                           0x0800b677   Thumb Code    74  stm32f4xx_usart.o(i.USART_ITConfig)
    USART_Init                               0x0800b6c1   Thumb Code   204  stm32f4xx_usart.o(i.USART_Init)
    USART_ReceiveData                        0x0800b795   Thumb Code    10  stm32f4xx_usart.o(i.USART_ReceiveData)
    USART_SendData                           0x0800b79f   Thumb Code     8  stm32f4xx_usart.o(i.USART_SendData)
    UsageFault_Handler                       0x0800b7a7   Thumb Code     4  stm32f4xx_it.o(i.UsageFault_Handler)
    __ARM_fpclassify                         0x0800b7ab   Thumb Code    48  fpclassify.o(i.__ARM_fpclassify)
    __hardfp_sqrt                            0x0800b7db   Thumb Code   122  sqrt.o(i.__hardfp_sqrt)
    _is_digit                                0x0800b855   Thumb Code    14  __printf_wp.o(i._is_digit)
    _sys_exit                                0x0800b863   Thumb Code     6  usart.o(i._sys_exit)
    cleanReceiveData                         0x0800b90d   Thumb Code    28  esp8266.o(i.cleanReceiveData)
    clust2sect                               0x0800b963   Thumb Code    26  ff.o(i.clust2sect)
    convert_from_bytes_to_power_of_two       0x0800ba0d   Thumb Code    18  sdio_sdcard.o(i.convert_from_bytes_to_power_of_two)
    decodeData                               0x0800bd65   Thumb Code   146  esp8266.o(i.decodeData)
    delay_init                               0x0800be41   Thumb Code    52  delay.o(i.delay_init)
    delay_ms                                 0x0800be7d   Thumb Code    56  delay.o(i.delay_ms)
    delay_us                                 0x0800beb5   Thumb Code    72  delay.o(i.delay_us)
    delay_xms                                0x0800bf01   Thumb Code    72  delay.o(i.delay_xms)
    dir_sdi                                  0x0800c2cd   Thumb Code   158  ff.o(i.dir_sdi)
    disk_initialize                          0x0800c36b   Thumb Code    32  diskio.o(i.disk_initialize)
    disk_ioctl                               0x0800c38d   Thumb Code   102  diskio.o(i.disk_ioctl)
    disk_read                                0x0800c3f9   Thumb Code    86  diskio.o(i.disk_read)
    disk_status                              0x0800c44f   Thumb Code     6  diskio.o(i.disk_status)
    disk_write                               0x0800c455   Thumb Code    86  diskio.o(i.disk_write)
    esp8266_Init                             0x0800c4ad   Thumb Code   414  esp8266.o(i.esp8266_Init)
    exfuns_init                              0x0800c811   Thumb Code   114  exfuns.o(i.exfuns_init)
    f_close                                  0x0800c895   Thumb Code    36  ff.o(i.f_close)
    f_lseek                                  0x0800c8b9   Thumb Code   654  ff.o(i.f_lseek)
    f_mount                                  0x0800cb49   Thumb Code    86  ff.o(i.f_mount)
    f_open                                   0x0800cba5   Thumb Code   384  ff.o(i.f_open)
    f_read                                   0x0800cd25   Thumb Code   432  ff.o(i.f_read)
    f_sync                                   0x0800ced5   Thumb Code   176  ff.o(i.f_sync)
    f_truncate                               0x0800cf85   Thumb Code   184  ff.o(i.f_truncate)
    f_write                                  0x0800d03d   Thumb Code   490  ff.o(i.f_write)
    ff_convert                               0x0800d229   Thumb Code   122  mycc936.o(i.ff_convert)
    ff_memalloc                              0x0800d2a9   Thumb Code    14  diskio.o(i.ff_memalloc)
    ff_memfree                               0x0800d2b7   Thumb Code    14  diskio.o(i.ff_memfree)
    ff_wtoupper                              0x0800d2c5   Thumb Code    46  mycc936.o(i.ff_wtoupper)
    fputc                                    0x0800d795   Thumb Code    22  usart.o(i.fputc)
    get_fat                                  0x0800d879   Thumb Code   232  ff.o(i.get_fat)
    get_fattime                              0x0800d961   Thumb Code     4  diskio.o(i.get_fattime)
    get_keynum                               0x0800d965   Thumb Code   242  key_board.o(i.get_keynum)
    key_load_ui                              0x0800dab1   Thumb Code   314  key_board.o(i.key_load_ui)
    key_staset                               0x0800dc15   Thumb Code   268  key_board.o(i.key_staset)
    main                                     0x0800dd45   Thumb Code   734  main.o(i.main)
    my_mem_free                              0x0800e17d   Thumb Code    96  malloc.o(i.my_mem_free)
    my_mem_init                              0x0800e1e9   Thumb Code    54  malloc.o(i.my_mem_init)
    my_mem_malloc                            0x0800e22d   Thumb Code   156  malloc.o(i.my_mem_malloc)
    my_mem_perused                           0x0800e2d5   Thumb Code    54  malloc.o(i.my_mem_perused)
    my_strstr                                0x0800e315   Thumb Code    28  esp8266.o(i.my_strstr)
    myfree                                   0x0800e331   Thumb Code    30  malloc.o(i.myfree)
    mymalloc                                 0x0800e355   Thumb Code    34  malloc.o(i.mymalloc)
    mymemset                                 0x0800e37d   Thumb Code    20  malloc.o(i.mymemset)
    put_fat                                  0x0800e391   Thumb Code   310  ff.o(i.put_fat)
    sendAT                                   0x0800e535   Thumb Code   134  esp8266.o(i.sendAT)
    sendBack                                 0x0800e5c9   Thumb Code   100  esp8266.o(i.sendBack)
    switch_CMD                               0x0800e69d   Thumb Code   110  esp8266.o(i.switch_CMD)
    u2_printf                                0x0800e835   Thumb Code    72  esp8266.o(i.u2_printf)
    uart_init                                0x0800e885   Thumb Code   164  usart.o(i.uart_init)
    usart2_Init                              0x0800e931   Thumb Code   208  esp8266.o(i.usart2_Init)
    _get_lc_ctype                            0x0800ea45   Thumb Code    44  lc_ctype_c.o(locale$$code)
    _get_lc_numeric                          0x0800ea71   Thumb Code    44  lc_numeric_c.o(locale$$code)
    __fpl_dcmp_Inf                           0x0800ea9d   Thumb Code    24  dcmpi.o(x$fpl$dcmpinf)
    __aeabi_d2uiz                            0x0800eab5   Thumb Code     0  dfixu.o(x$fpl$dfixu)
    _dfixu                                   0x0800eab5   Thumb Code    90  dfixu.o(x$fpl$dfixu)
    __aeabi_ui2d                             0x0800eb0f   Thumb Code     0  dflt_clz.o(x$fpl$dfltu)
    _dfltu                                   0x0800eb0f   Thumb Code    38  dflt_clz.o(x$fpl$dfltu)
    __aeabi_cdcmple                          0x0800eb35   Thumb Code     0  dleqf.o(x$fpl$dleqf)
    _dcmple                                  0x0800eb35   Thumb Code   120  dleqf.o(x$fpl$dleqf)
    __fpl_dcmple_InfNaN                      0x0800eb97   Thumb Code     0  dleqf.o(x$fpl$dleqf)
    __aeabi_dmul                             0x0800ebad   Thumb Code     0  dmul.o(x$fpl$dmul)
    _dmul                                    0x0800ebad   Thumb Code   332  dmul.o(x$fpl$dmul)
    __fpl_dnaninf                            0x0800ed01   Thumb Code   156  dnaninf.o(x$fpl$dnaninf)
    __fpl_dretinf                            0x0800ed9d   Thumb Code    12  dretinf.o(x$fpl$dretinf)
    __aeabi_cdrcmple                         0x0800eda9   Thumb Code     0  drleqf.o(x$fpl$drleqf)
    _drcmple                                 0x0800eda9   Thumb Code   108  drleqf.o(x$fpl$drleqf)
    _dsqrt                                   0x0800ee15   Thumb Code   404  dsqrt_umaal.o(x$fpl$dsqrt)
    __aeabi_f2d                              0x0800efad   Thumb Code     0  f2d.o(x$fpl$f2d)
    _f2d                                     0x0800efad   Thumb Code    86  f2d.o(x$fpl$f2d)
    __fpl_fnaninf                            0x0800f003   Thumb Code   140  fnaninf.o(x$fpl$fnaninf)
    _fp_init                                 0x0800f08f   Thumb Code    10  fpinit.o(x$fpl$fpinit)
    __fplib_config_fpu_vfp                   0x0800f097   Thumb Code     0  fpinit.o(x$fpl$fpinit)
    __fplib_config_pureend_doubles           0x0800f097   Thumb Code     0  fpinit.o(x$fpl$fpinit)
    _printf_fp_dec                           0x0800f099   Thumb Code     4  printf1.o(x$fpl$printf1)
    _printf_fp_hex                           0x0800f09d   Thumb Code     4  printf2.o(x$fpl$printf2)
    __I$use$fp                               0x0800f0a0   Number         0  usenofp.o(x$fpl$usenofp)
    asc2_1206                                0x0800f0a0   Data        1140  lcd.o(.constdata)
    asc2_1608                                0x0800f514   Data        1520  lcd.o(.constdata)
    asc2_2412                                0x0800fb04   Data        3420  lcd.o(.constdata)
    table_week                               0x08010860   Data          12  rtc.o(.constdata)
    TP_REMIND_MSG_TBL                        0x0801086c   Data           4  touch.o(.constdata)
    memtblsize                               0x08010870   Data          12  malloc.o(.constdata)
    memblksize                               0x0801087c   Data          12  malloc.o(.constdata)
    memsize                                  0x08010888   Data          12  malloc.o(.constdata)
    Region$$Table$$Base                      0x08010e4c   Number         0  anon$$obj.o(Region$$Table)
    Region$$Table$$Limit                     0x08010e6c   Number         0  anon$$obj.o(Region$$Table)
    __ctype                                  0x08010e79   Data           0  lc_ctype_c.o(locale$$data)
    mem3base                                 0x10000000   Data       61440  malloc.o(.ARM.__AT_0x10000000)
    mem3mapbase                              0x1000f000   Data        3840  malloc.o(.ARM.__AT_0x1000F000)
    str                                      0x20000000   Data          10  main.o(.data)
    POINT_COLOR                              0x2000000a   Data           2  lcd.o(.data)
    BACK_COLOR                               0x2000000c   Data           2  lcd.o(.data)
    TransferError                            0x2000001a   Data           1  sdio_sdcard.o(.data)
    TransferEnd                              0x2000001b   Data           1  sdio_sdcard.o(.data)
    tempbuff                                 0x2000001c   Data           4  sdio_sdcard.o(.data)
    key                                      0x20000020   Data           1  timer.o(.data)
    temperature                              0x20000022   Data           1  timer.o(.data)
    humidity                                 0x20000023   Data           1  timer.o(.data)
    tp_dev                                   0x20000024   Data          52  touch.o(.data)
    CMD_RDX                                  0x20000058   Data           1  touch.o(.data)
    CMD_RDY                                  0x20000059   Data           1  touch.o(.data)
    kbd_tbl                                  0x2000005c   Data          64  key_board.o(.data)
    readnum                                  0x200000a0   Data           4  esp8266.o(.data)
    connect_state                            0x200000a4   Data           1  esp8266.o(.data)
    start_flag                               0x200000a5   Data           1  esp8266.o(.data)
    USART2_RX_STA                            0x200000a6   Data           2  esp8266.o(.data)
    SSID                                     0x200000a8   Data           6  esp8266.o(.data)
    password                                 0x200000ae   Data          10  esp8266.o(.data)
    ipaddr                                   0x200000b8   Data          12  esp8266.o(.data)
    port                                     0x200000c4   Data           5  esp8266.o(.data)
    __stdout                                 0x200000e0   Data           4  usart.o(.data)
    USART_RX_STA                             0x200000e4   Data           2  usart.o(.data)
    mallco_dev                               0x200000e8   Data          36  malloc.o(.data)
    file                                     0x20000110   Data           4  exfuns.o(.data)
    ftemp                                    0x20000114   Data           4  exfuns.o(.data)
    br                                       0x20000118   Data           4  exfuns.o(.data)
    bw                                       0x2000011c   Data           4  exfuns.o(.data)
    fatbuf                                   0x20000120   Data           4  exfuns.o(.data)
    fnum                                     0x20000124   Data           4  text.o(.data)
    lcddev                                   0x20000128   Data          14  lcd.o(.bss)
    SDIO_InitStructure                       0x20000138   Data          24  sdio_sdcard.o(.bss)
    SDIO_CmdInitStructure                    0x20000150   Data          20  sdio_sdcard.o(.bss)
    SDIO_DataInitStructure                   0x20000164   Data          24  sdio_sdcard.o(.bss)
    SDCardInfo                               0x200001a0   Data          88  sdio_sdcard.o(.bss)
    SDIO_DATA_BUFFER                         0x200001f8   Data         512  sdio_sdcard.o(.bss)
    calendar                                 0x200003f8   Data          10  rtc.o(.bss)
    fdsts_recive                             0x20000404   Data         552  esp8266.o(.bss)
    USART2_RX_BUF                            0x2000062c   Data         600  esp8266.o(.bss)
    USART2_TX_BUF                            0x20000884   Data         600  esp8266.o(.bss)
    USART_RX_BUF                             0x20000adc   Data         200  usart.o(.bss)
    mem1base                                 0x20000bc0   Data       102400  malloc.o(.bss)
    mem1mapbase                              0x20019bc0   Data        6400  malloc.o(.bss)
    fs                                       0x2001b4cc   Data          12  exfuns.o(.bss)
    fileinfo                                 0x2001b4d8   Data          32  exfuns.o(.bss)
    dir                                      0x2001b4f8   Data          36  exfuns.o(.bss)
    ftinfo                                   0x2001b51c   Data          33  fontupd.o(.bss)
    font                                     0x2001b540   Data         552  text.o(.bss)
    __libspace_start                         0x2001b768   Data          96  libspace.o(.bss)
    __temporary_stack_top$libspace           0x2001b7c8   Data           0  libspace.o(.bss)
    mem2base                                 0x68000000   Data       983040  malloc.o(.ARM.__AT_0x68000000)
    mem2mapbase                              0x680f0000   Data       61440  malloc.o(.ARM.__AT_0x680F0000)



==============================================================================

Memory Map of the image

  Image Entry point : 0x08000189

  Load Region LR_IROM1 (Base: 0x08000000, Size: 0x000110c0, Max: 0x00080000, ABSOLUTE)

    Execution Region ER_IROM1 (Base: 0x08000000, Size: 0x00010f98, Max: 0x00080000, ABSOLUTE)

    Base Addr    Size         Type   Attr      Idx    E Section Name        Object

    0x08000000   0x00000188   Data   RO          363    RESET               startup_stm32f40_41xxx.o
    0x08000188   0x00000008   Code   RO         5940  * !!!main             c_w.l(__main.o)
    0x08000190   0x00000034   Code   RO         6268    !!!scatter          c_w.l(__scatter.o)
    0x080001c4   0x0000001a   Code   RO         6270    !!handler_copy      c_w.l(__scatter_copy.o)
    0x080001de   0x00000002   PAD
    0x080001e0   0x0000001c   Code   RO         6272    !!handler_zi        c_w.l(__scatter_zi.o)
    0x080001fc   0x00000000   Code   RO         5923    .ARM.Collect$$_printf_percent$$00000000  c_w.l(_printf_percent.o)
    0x080001fc   0x00000006   Code   RO         6009    .ARM.Collect$$_printf_percent$$00000001  c_w.l(_printf_n.o)
    0x08000202   0x00000006   Code   RO         6010    .ARM.Collect$$_printf_percent$$00000002  c_w.l(_printf_p.o)
    0x08000208   0x00000006   Code   RO         6014    .ARM.Collect$$_printf_percent$$00000003  c_w.l(_printf_f.o)
    0x0800020e   0x00000006   Code   RO         6015    .ARM.Collect$$_printf_percent$$00000004  c_w.l(_printf_e.o)
    0x08000214   0x00000006   Code   RO         6016    .ARM.Collect$$_printf_percent$$00000005  c_w.l(_printf_g.o)
    0x0800021a   0x00000006   Code   RO         6017    .ARM.Collect$$_printf_percent$$00000006  c_w.l(_printf_a.o)
    0x08000220   0x0000000a   Code   RO         6022    .ARM.Collect$$_printf_percent$$00000007  c_w.l(_printf_ll.o)
    0x0800022a   0x00000006   Code   RO         6012    .ARM.Collect$$_printf_percent$$00000008  c_w.l(_printf_i.o)
    0x08000230   0x00000006   Code   RO         5922    .ARM.Collect$$_printf_percent$$00000009  c_w.l(_printf_d.o)
    0x08000236   0x00000006   Code   RO         6013    .ARM.Collect$$_printf_percent$$0000000A  c_w.l(_printf_u.o)
    0x0800023c   0x00000006   Code   RO         6011    .ARM.Collect$$_printf_percent$$0000000B  c_w.l(_printf_o.o)
    0x08000242   0x00000006   Code   RO         5921    .ARM.Collect$$_printf_percent$$0000000C  c_w.l(_printf_x.o)
    0x08000248   0x00000006   Code   RO         6019    .ARM.Collect$$_printf_percent$$0000000D  c_w.l(_printf_lli.o)
    0x0800024e   0x00000006   Code   RO         6020    .ARM.Collect$$_printf_percent$$0000000E  c_w.l(_printf_lld.o)
    0x08000254   0x00000006   Code   RO         6021    .ARM.Collect$$_printf_percent$$0000000F  c_w.l(_printf_llu.o)
    0x0800025a   0x00000006   Code   RO         6026    .ARM.Collect$$_printf_percent$$00000010  c_w.l(_printf_llo.o)
    0x08000260   0x00000006   Code   RO         6027    .ARM.Collect$$_printf_percent$$00000011  c_w.l(_printf_llx.o)
    0x08000266   0x0000000a   Code   RO         6023    .ARM.Collect$$_printf_percent$$00000012  c_w.l(_printf_l.o)
    0x08000270   0x00000006   Code   RO         5919    .ARM.Collect$$_printf_percent$$00000013  c_w.l(_printf_c.o)
    0x08000276   0x00000006   Code   RO         5920    .ARM.Collect$$_printf_percent$$00000014  c_w.l(_printf_s.o)
    0x0800027c   0x00000006   Code   RO         6024    .ARM.Collect$$_printf_percent$$00000015  c_w.l(_printf_lc.o)
    0x08000282   0x00000006   Code   RO         6025    .ARM.Collect$$_printf_percent$$00000016  c_w.l(_printf_ls.o)
    0x08000288   0x00000004   Code   RO         6018    .ARM.Collect$$_printf_percent$$00000017  c_w.l(_printf_percent_end.o)
    0x0800028c   0x00000002   Code   RO         6184    .ARM.Collect$$libinit$$00000000  c_w.l(libinit.o)
    0x0800028e   0x00000004   Code   RO         6096    .ARM.Collect$$libinit$$00000001  c_w.l(libinit2.o)
    0x08000292   0x00000000   Code   RO         6099    .ARM.Collect$$libinit$$00000004  c_w.l(libinit2.o)
    0x08000292   0x00000000   Code   RO         6102    .ARM.Collect$$libinit$$0000000A  c_w.l(libinit2.o)
    0x08000292   0x00000000   Code   RO         6104    .ARM.Collect$$libinit$$0000000C  c_w.l(libinit2.o)
    0x08000292   0x00000000   Code   RO         6106    .ARM.Collect$$libinit$$0000000E  c_w.l(libinit2.o)
    0x08000292   0x00000006   Code   RO         6107    .ARM.Collect$$libinit$$0000000F  c_w.l(libinit2.o)
    0x08000298   0x00000000   Code   RO         6109    .ARM.Collect$$libinit$$00000011  c_w.l(libinit2.o)
    0x08000298   0x0000000c   Code   RO         6110    .ARM.Collect$$libinit$$00000012  c_w.l(libinit2.o)
    0x080002a4   0x00000000   Code   RO         6111    .ARM.Collect$$libinit$$00000013  c_w.l(libinit2.o)
    0x080002a4   0x00000000   Code   RO         6113    .ARM.Collect$$libinit$$00000015  c_w.l(libinit2.o)
    0x080002a4   0x0000000a   Code   RO         6114    .ARM.Collect$$libinit$$00000016  c_w.l(libinit2.o)
    0x080002ae   0x00000000   Code   RO         6115    .ARM.Collect$$libinit$$00000017  c_w.l(libinit2.o)
    0x080002ae   0x00000000   Code   RO         6117    .ARM.Collect$$libinit$$00000019  c_w.l(libinit2.o)
    0x080002ae   0x00000000   Code   RO         6119    .ARM.Collect$$libinit$$0000001B  c_w.l(libinit2.o)
    0x080002ae   0x00000000   Code   RO         6121    .ARM.Collect$$libinit$$0000001D  c_w.l(libinit2.o)
    0x080002ae   0x00000000   Code   RO         6123    .ARM.Collect$$libinit$$0000001F  c_w.l(libinit2.o)
    0x080002ae   0x00000000   Code   RO         6125    .ARM.Collect$$libinit$$00000021  c_w.l(libinit2.o)
    0x080002ae   0x00000000   Code   RO         6127    .ARM.Collect$$libinit$$00000023  c_w.l(libinit2.o)
    0x080002ae   0x00000000   Code   RO         6129    .ARM.Collect$$libinit$$00000025  c_w.l(libinit2.o)
    0x080002ae   0x00000000   Code   RO         6133    .ARM.Collect$$libinit$$0000002C  c_w.l(libinit2.o)
    0x080002ae   0x00000000   Code   RO         6135    .ARM.Collect$$libinit$$0000002E  c_w.l(libinit2.o)
    0x080002ae   0x00000000   Code   RO         6137    .ARM.Collect$$libinit$$00000030  c_w.l(libinit2.o)
    0x080002ae   0x00000000   Code   RO         6139    .ARM.Collect$$libinit$$00000032  c_w.l(libinit2.o)
    0x080002ae   0x00000002   Code   RO         6140    .ARM.Collect$$libinit$$00000033  c_w.l(libinit2.o)
    0x080002b0   0x00000002   Code   RO         6231    .ARM.Collect$$libshutdown$$00000000  c_w.l(libshutdown.o)
    0x080002b2   0x00000000   Code   RO         6237    .ARM.Collect$$libshutdown$$00000002  c_w.l(libshutdown2.o)
    0x080002b2   0x00000000   Code   RO         6239    .ARM.Collect$$libshutdown$$00000004  c_w.l(libshutdown2.o)
    0x080002b2   0x00000000   Code   RO         6242    .ARM.Collect$$libshutdown$$00000007  c_w.l(libshutdown2.o)
    0x080002b2   0x00000000   Code   RO         6245    .ARM.Collect$$libshutdown$$0000000A  c_w.l(libshutdown2.o)
    0x080002b2   0x00000000   Code   RO         6247    .ARM.Collect$$libshutdown$$0000000C  c_w.l(libshutdown2.o)
    0x080002b2   0x00000000   Code   RO         6250    .ARM.Collect$$libshutdown$$0000000F  c_w.l(libshutdown2.o)
    0x080002b2   0x00000002   Code   RO         6251    .ARM.Collect$$libshutdown$$00000010  c_w.l(libshutdown2.o)
    0x080002b4   0x00000000   Code   RO         5974    .ARM.Collect$$rtentry$$00000000  c_w.l(__rtentry.o)
    0x080002b4   0x00000000   Code   RO         6056    .ARM.Collect$$rtentry$$00000002  c_w.l(__rtentry2.o)
    0x080002b4   0x00000006   Code   RO         6068    .ARM.Collect$$rtentry$$00000004  c_w.l(__rtentry4.o)
    0x080002ba   0x00000000   Code   RO         6058    .ARM.Collect$$rtentry$$00000009  c_w.l(__rtentry2.o)
    0x080002ba   0x00000004   Code   RO         6059    .ARM.Collect$$rtentry$$0000000A  c_w.l(__rtentry2.o)
    0x080002be   0x00000000   Code   RO         6061    .ARM.Collect$$rtentry$$0000000C  c_w.l(__rtentry2.o)
    0x080002be   0x00000008   Code   RO         6062    .ARM.Collect$$rtentry$$0000000D  c_w.l(__rtentry2.o)
    0x080002c6   0x00000002   Code   RO         6191    .ARM.Collect$$rtexit$$00000000  c_w.l(rtexit.o)
    0x080002c8   0x00000000   Code   RO         6204    .ARM.Collect$$rtexit$$00000002  c_w.l(rtexit2.o)
    0x080002c8   0x00000004   Code   RO         6205    .ARM.Collect$$rtexit$$00000003  c_w.l(rtexit2.o)
    0x080002cc   0x00000006   Code   RO         6206    .ARM.Collect$$rtexit$$00000004  c_w.l(rtexit2.o)
    0x080002d2   0x00000002   PAD
    0x080002d4   0x00000010   Code   RO         4628    .emb_text           sys.o
    0x080002e4   0x00000040   Code   RO          364    .text               startup_stm32f40_41xxx.o
    0x08000324   0x00000002   Code   RO         5854    .text               c_w.l(use_no_semi_2.o)
    0x08000326   0x00000002   PAD
    0x08000328   0x00000010   Code   RO         5856    .text               c_w.l(rt_ctype_table.o)
    0x08000338   0x00000048   Code   RO         5858    .text               c_w.l(llsdiv.o)
    0x08000380   0x00000024   Code   RO         5860    .text               c_w.l(vsprintf.o)
    0x080003a4   0x00000018   Code   RO         5862    .text               c_w.l(__2printf.o)
    0x080003bc   0x0000002c   Code   RO         5864    .text               c_w.l(__2sprintf.o)
    0x080003e8   0x0000004e   Code   RO         5872    .text               c_w.l(_printf_pad.o)
    0x08000436   0x00000052   Code   RO         5874    .text               c_w.l(_printf_str.o)
    0x08000488   0x00000078   Code   RO         5876    .text               c_w.l(_printf_dec.o)
    0x08000500   0x00000094   Code   RO         5896    .text               c_w.l(_printf_hex_int_ll_ptr.o)
    0x08000594   0x00000188   Code   RO         5916    .text               c_w.l(__printf_flags_ss_wp.o)
    0x0800071c   0x00000024   Code   RO         5924    .text               c_w.l(strstr.o)
    0x08000740   0x0000003e   Code   RO         5928    .text               c_w.l(strlen.o)
    0x0800077e   0x0000008a   Code   RO         5932    .text               c_w.l(rt_memcpy_v6.o)
    0x08000808   0x0000004e   Code   RO         5934    .text               c_w.l(rt_memclr_w.o)
    0x08000856   0x00000002   PAD
    0x08000858   0x00000080   Code   RO         5936    .text               c_w.l(strcmpv7m.o)
    0x080008d8   0x00000006   Code   RO         5938    .text               c_w.l(heapauxi.o)
    0x080008de   0x00000002   Code   RO         5972    .text               c_w.l(use_no_semi.o)
    0x080008e0   0x00000008   Code   RO         5978    .text               c_w.l(rt_locale_intlibspace.o)
    0x080008e8   0x000000ee   Code   RO         5980    .text               c_w.l(lludivv7m.o)
    0x080009d6   0x00000016   Code   RO         5982    .text               c_w.l(_rserrno.o)
    0x080009ec   0x00000024   Code   RO         5984    .text               c_w.l(_printf_truncate.o)
    0x08000a10   0x000000b2   Code   RO         5986    .text               c_w.l(_printf_intcommon.o)
    0x08000ac2   0x00000028   Code   RO         5988    .text               c_w.l(_printf_charcount.o)
    0x08000aea   0x00000002   PAD
    0x08000aec   0x00000030   Code   RO         5990    .text               c_w.l(_printf_char_common.o)
    0x08000b1c   0x0000000a   Code   RO         5992    .text               c_w.l(_sputc.o)
    0x08000b26   0x0000002c   Code   RO         5994    .text               c_w.l(_printf_char.o)
    0x08000b52   0x00000002   PAD
    0x08000b54   0x00000024   Code   RO         5996    .text               c_w.l(_printf_char_file.o)
    0x08000b78   0x000000bc   Code   RO         5998    .text               c_w.l(_printf_wctomb.o)
    0x08000c34   0x0000007c   Code   RO         6001    .text               c_w.l(_printf_longlong_dec.o)
    0x08000cb0   0x00000070   Code   RO         6007    .text               c_w.l(_printf_oct_int_ll.o)
    0x08000d20   0x00000064   Code   RO         6031    .text               c_w.l(rt_memcpy_w.o)
    0x08000d84   0x00000008   Code   RO         6052    .text               c_w.l(libspace.o)
    0x08000d8c   0x00000008   Code   RO         6077    .text               c_w.l(rt_errno_addr_intlibspace.o)
    0x08000d94   0x0000008a   Code   RO         6079    .text               c_w.l(lludiv10.o)
    0x08000e1e   0x0000041a   Code   RO         6081    .text               c_w.l(_printf_fp_dec.o)
    0x08001238   0x000002fc   Code   RO         6083    .text               c_w.l(_printf_fp_hex.o)
    0x08001534   0x0000002c   Code   RO         6088    .text               c_w.l(_printf_wchar.o)
    0x08001560   0x00000008   Code   RO         6090    .text               c_w.l(ferror.o)
    0x08001568   0x00000040   Code   RO         6094    .text               c_w.l(_wcrtomb.o)
    0x080015a8   0x0000004a   Code   RO         6141    .text               c_w.l(sys_stackheap_outer.o)
    0x080015f2   0x00000002   PAD
    0x080015f4   0x00000080   Code   RO         6145    .text               c_w.l(_printf_fp_infnan.o)
    0x08001674   0x000000dc   Code   RO         6147    .text               c_w.l(bigflt0.o)
    0x08001750   0x00000012   Code   RO         6175    .text               c_w.l(exit.o)
    0x08001762   0x0000003e   Code   RO         6150    CL$$btod_d2e        c_w.l(btod.o)
    0x080017a0   0x00000046   Code   RO         6152    CL$$btod_d2e_denorm_low  c_w.l(btod.o)
    0x080017e6   0x00000060   Code   RO         6151    CL$$btod_d2e_norm_op1  c_w.l(btod.o)
    0x08001846   0x00000338   Code   RO         6160    CL$$btod_div_common  c_w.l(btod.o)
    0x08001b7e   0x000000c6   Code   RO         6157    CL$$btod_e2e        c_w.l(btod.o)
    0x08001c44   0x00000028   Code   RO         6154    CL$$btod_ediv       c_w.l(btod.o)
    0x08001c6c   0x00000028   Code   RO         6153    CL$$btod_emul       c_w.l(btod.o)
    0x08001c94   0x00000244   Code   RO         6159    CL$$btod_mult_common  c_w.l(btod.o)
    0x08001ed8   0x00000008   Code   RO         1115    i.AT24CXX_Init      24cxx.o
    0x08001ee0   0x0000002c   Code   RO         1117    i.AT24CXX_ReadLenByte  24cxx.o
    0x08001f0c   0x00000058   Code   RO         1118    i.AT24CXX_ReadOneByte  24cxx.o
    0x08001f64   0x0000002a   Code   RO         1120    i.AT24CXX_WriteLenByte  24cxx.o
    0x08001f8e   0x00000050   Code   RO         1121    i.AT24CXX_WriteOneByte  24cxx.o
    0x08001fde   0x00000004   Code   RO          229    i.BusFault_Handler  stm32f4xx_it.o
    0x08001fe2   0x00000002   PAD
    0x08001fe4   0x00000034   Code   RO         1274    i.ClearnSDCache     esp8266.o
    0x08002018   0x00000030   Code   RO          635    i.CmdError          sdio_sdcard.o
    0x08002048   0x00000064   Code   RO          636    i.CmdResp1Error     sdio_sdcard.o
    0x080020ac   0x00000054   Code   RO          637    i.CmdResp2Error     sdio_sdcard.o
    0x08002100   0x00000038   Code   RO          638    i.CmdResp3Error     sdio_sdcard.o
    0x08002138   0x00000094   Code   RO          639    i.CmdResp6Error     sdio_sdcard.o
    0x080021cc   0x0000004c   Code   RO          640    i.CmdResp7Error     sdio_sdcard.o
    0x08002218   0x00000060   Code   RO          849    i.DHT11_Check       dht11.o
    0x08002278   0x0000003c   Code   RO          850    i.DHT11_Init        dht11.o
    0x080022b4   0x0000004c   Code   RO          851    i.DHT11_Read_Bit    dht11.o
    0x08002300   0x0000001e   Code   RO          852    i.DHT11_Read_Byte   dht11.o
    0x0800231e   0x00000058   Code   RO          853    i.DHT11_Read_Data   dht11.o
    0x08002376   0x00000002   PAD
    0x08002378   0x00000040   Code   RO          854    i.DHT11_Rst         dht11.o
    0x080023b8   0x00000016   Code   RO         3778    i.DMA_Cmd           stm32f4xx_dma.o
    0x080023ce   0x00000002   PAD
    0x080023d0   0x00000158   Code   RO         3779    i.DMA_DeInit        stm32f4xx_dma.o
    0x08002528   0x00000016   Code   RO         3782    i.DMA_FlowControllerConfig  stm32f4xx_dma.o
    0x0800253e   0x00000014   Code   RO         3783    i.DMA_GetCmdStatus  stm32f4xx_dma.o
    0x08002552   0x00000002   PAD
    0x08002554   0x00000058   Code   RO         3790    i.DMA_Init          stm32f4xx_dma.o
    0x080025ac   0x00000002   Code   RO          230    i.DebugMon_Handler  stm32f4xx_it.o
    0x080025ae   0x00000002   PAD
    0x080025b0   0x0000000c   Code   RO         1774    i.EXTI_ClearITPendingBit  stm32f4xx_exti.o
    0x080025bc   0x00000034   Code   RO         2100    i.FSMC_NORSRAMCmd   stm32f4xx_fsmc.o
    0x080025f0   0x000000e6   Code   RO         2102    i.FSMC_NORSRAMInit  stm32f4xx_fsmc.o
    0x080026d6   0x00000002   PAD
    0x080026d8   0x00000194   Code   RO          641    i.FindSCR           sdio_sdcard.o
    0x0800286c   0x00000090   Code   RO         2221    i.GPIO_Init         stm32f4xx_gpio.o
    0x080028fc   0x00000046   Code   RO         2222    i.GPIO_PinAFConfig  stm32f4xx_gpio.o
    0x08002942   0x00000004   Code   RO         2229    i.GPIO_SetBits      stm32f4xx_gpio.o
    0x08002946   0x00000002   PAD
    0x08002948   0x00000144   Code   RO         5462    i.Get_HzMat         text.o
    0x08002a8c   0x00000004   Code   RO          231    i.HardFault_Handler  stm32f4xx_it.o
    0x08002a90   0x00000050   Code   RO         1176    i.IIC_Ack           myiic.o
    0x08002ae0   0x0000004c   Code   RO         1177    i.IIC_Init          myiic.o
    0x08002b2c   0x00000050   Code   RO         1178    i.IIC_NAck          myiic.o
    0x08002b7c   0x0000006c   Code   RO         1179    i.IIC_Read_Byte     myiic.o
    0x08002be8   0x00000068   Code   RO         1180    i.IIC_Send_Byte     myiic.o
    0x08002c50   0x0000004c   Code   RO         1181    i.IIC_Start         myiic.o
    0x08002c9c   0x0000004c   Code   RO         1182    i.IIC_Stop          myiic.o
    0x08002ce8   0x00000060   Code   RO         1183    i.IIC_Wait_Ack      myiic.o
    0x08002d48   0x000000a0   Code   RO          642    i.IsCardProgramming  sdio_sdcard.o
    0x08002de8   0x00000044   Code   RO          370    i.KEY_Init          key.o
    0x08002e2c   0x0000006c   Code   RO          398    i.LCD_Clear         lcd.o
    0x08002e98   0x000001c0   Code   RO          402    i.LCD_Display_Dir   lcd.o
    0x08003058   0x000000b0   Code   RO          403    i.LCD_DrawLine      lcd.o
    0x08003108   0x00000024   Code   RO          404    i.LCD_DrawPoint     lcd.o
    0x0800312c   0x0000003c   Code   RO          405    i.LCD_DrawRectangle  lcd.o
    0x08003168   0x00000098   Code   RO          406    i.LCD_Draw_Circle   lcd.o
    0x08003200   0x00000180   Code   RO          407    i.LCD_Fast_DrawPoint  lcd.o
    0x08003380   0x000000b8   Code   RO          408    i.LCD_Fill          lcd.o
    0x08003438   0x00003970   Code   RO          409    i.LCD_Init          lcd.o
    0x08006da8   0x00000016   Code   RO          410    i.LCD_Pow           lcd.o
    0x08006dbe   0x00000002   PAD
    0x08006dc0   0x00000014   Code   RO          411    i.LCD_RD_DATA       lcd.o
    0x08006dd4   0x00000016   Code   RO          413    i.LCD_ReadReg       lcd.o
    0x08006dea   0x00000002   PAD
    0x08006dec   0x00000060   Code   RO          414    i.LCD_SSD_BackLightSet  lcd.o
    0x08006e4c   0x000002ec   Code   RO          415    i.LCD_Scan_Dir      lcd.o
    0x08007138   0x000001a8   Code   RO          416    i.LCD_SetCursor     lcd.o
    0x080072e0   0x00000128   Code   RO          418    i.LCD_ShowChar      lcd.o
    0x08007408   0x00000094   Code   RO          419    i.LCD_ShowNum       lcd.o
    0x0800749c   0x00000066   Code   RO          420    i.LCD_ShowString    lcd.o
    0x08007502   0x00000002   PAD
    0x08007504   0x00000018   Code   RO          422    i.LCD_WR_DATA       lcd.o
    0x0800751c   0x00000018   Code   RO          423    i.LCD_WR_REG        lcd.o
    0x08007534   0x00000014   Code   RO          425    i.LCD_WriteRAM_Prepare  lcd.o
    0x08007548   0x00000014   Code   RO          426    i.LCD_WriteReg      lcd.o
    0x0800755c   0x00000040   Code   RO          615    i.LED_Init          led.o
    0x0800759c   0x00000004   Code   RO          232    i.MemManage_Handler  stm32f4xx_it.o
    0x080075a0   0x0000008a   Code   RO          899    i.My_RTC_Init       rtc.o
    0x0800762a   0x00000002   Code   RO          233    i.NMI_Handler       stm32f4xx_it.o
    0x0800762c   0x00000078   Code   RO         1437    i.NVIC_Init         misc.o
    0x080076a4   0x00000014   Code   RO         1438    i.NVIC_PriorityGroupConfig  misc.o
    0x080076b8   0x00000210   Code   RO         1275    i.OpenDoor          esp8266.o
    0x080078c8   0x0000000c   Code   RO         3904    i.PWR_BackupAccessCmd  stm32f4xx_pwr.o
    0x080078d4   0x00000002   Code   RO          234    i.PendSV_Handler    stm32f4xx_it.o
    0x080078d6   0x00000002   PAD
    0x080078d8   0x00000020   Code   RO         2542    i.RCC_AHB1PeriphClockCmd  stm32f4xx_rcc.o
    0x080078f8   0x00000020   Code   RO         2548    i.RCC_AHB3PeriphClockCmd  stm32f4xx_rcc.o
    0x08007918   0x00000020   Code   RO         2551    i.RCC_APB1PeriphClockCmd  stm32f4xx_rcc.o
    0x08007938   0x00000020   Code   RO         2553    i.RCC_APB1PeriphResetCmd  stm32f4xx_rcc.o
    0x08007958   0x00000020   Code   RO         2554    i.RCC_APB2PeriphClockCmd  stm32f4xx_rcc.o
    0x08007978   0x00000020   Code   RO         2556    i.RCC_APB2PeriphResetCmd  stm32f4xx_rcc.o
    0x08007998   0x000000e8   Code   RO         2563    i.RCC_GetClocksFreq  stm32f4xx_rcc.o
    0x08007a80   0x00000040   Code   RO         2564    i.RCC_GetFlagStatus  stm32f4xx_rcc.o
    0x08007ac0   0x0000002c   Code   RO         2572    i.RCC_LSEConfig     stm32f4xx_rcc.o
    0x08007aec   0x0000000c   Code   RO         2586    i.RCC_RTCCLKCmd     stm32f4xx_rcc.o
    0x08007af8   0x0000003c   Code   RO         2587    i.RCC_RTCCLKConfig  stm32f4xx_rcc.o
    0x08007b34   0x00000074   Code   RO         2876    i.RTC_AlarmCmd      stm32f4xx_rtc.o
    0x08007ba8   0x00000028   Code   RO          900    i.RTC_Alarm_IRQHandler  rtc.o
    0x08007bd0   0x00000016   Code   RO         2879    i.RTC_Bcd2ToByte    stm32f4xx_rtc.o
    0x08007be6   0x0000001c   Code   RO         2881    i.RTC_ByteToBcd2    stm32f4xx_rtc.o
    0x08007c02   0x00000002   PAD
    0x08007c04   0x0000001c   Code   RO         2884    i.RTC_ClearFlag     stm32f4xx_rtc.o
    0x08007c20   0x00000050   Code   RO         2891    i.RTC_EnterInitMode  stm32f4xx_rtc.o
    0x08007c70   0x00000014   Code   RO         2892    i.RTC_ExitInitMode  stm32f4xx_rtc.o
    0x08007c84   0x000000d0   Code   RO          901    i.RTC_Get           rtc.o
    0x08007d54   0x0000004c   Code   RO         2895    i.RTC_GetDate       stm32f4xx_rtc.o
    0x08007da0   0x00000028   Code   RO         2896    i.RTC_GetFlagStatus  stm32f4xx_rtc.o
    0x08007dc8   0x00000050   Code   RO         2900    i.RTC_GetTime       stm32f4xx_rtc.o
    0x08007e18   0x00000078   Code   RO          902    i.RTC_Get_Week      rtc.o
    0x08007e90   0x00000064   Code   RO         2905    i.RTC_Init          stm32f4xx_rtc.o
    0x08007ef4   0x00000020   Code   RO         2908    i.RTC_ReadBackupRegister  stm32f4xx_rtc.o
    0x08007f14   0x000000c8   Code   RO         2911    i.RTC_SetDate       stm32f4xx_rtc.o
    0x08007fdc   0x000000d0   Code   RO         2912    i.RTC_SetTime       stm32f4xx_rtc.o
    0x080080ac   0x00000024   Code   RO          904    i.RTC_Set_Date      rtc.o
    0x080080d0   0x00000024   Code   RO          905    i.RTC_Set_Time      rtc.o
    0x080080f4   0x00000034   Code   RO          907    i.RTC_WKUP_IRQHandler  rtc.o
    0x08008128   0x00000060   Code   RO         2928    i.RTC_WaitForSynchro  stm32f4xx_rtc.o
    0x08008188   0x0000001c   Code   RO         2931    i.RTC_WriteBackupRegister  stm32f4xx_rtc.o
    0x080081a4   0x000000ac   Code   RO          643    i.SDEnWideBus       sdio_sdcard.o
    0x08008250   0x0000000c   Code   RO         3231    i.SDIO_ClearFlag    stm32f4xx_sdio.o
    0x0800825c   0x00000014   Code   RO          644    i.SDIO_Clock_Set    sdio_sdcard.o
    0x08008270   0x00000034   Code   RO         3237    i.SDIO_DataConfig   stm32f4xx_sdio.o
    0x080082a4   0x00000018   Code   RO         3243    i.SDIO_GetFlagStatus  stm32f4xx_sdio.o
    0x080082bc   0x00000010   Code   RO         3245    i.SDIO_GetPowerState  stm32f4xx_sdio.o
    0x080082cc   0x00000008   Code   RO          645    i.SDIO_IRQHandler   sdio_sdcard.o
    0x080082d4   0x00000030   Code   RO         3248    i.SDIO_Init         stm32f4xx_sdio.o
    0x08008304   0x00000038   Code   RO          646    i.SDIO_Register_Deinit  sdio_sdcard.o
    0x0800833c   0x0000002c   Code   RO         3251    i.SDIO_SendCommand  stm32f4xx_sdio.o
    0x08008368   0x0000000c   Code   RO         3253    i.SDIO_SetPowerState  stm32f4xx_sdio.o
    0x08008374   0x00000080   Code   RO          647    i.SD_DMA_Config     sdio_sdcard.o
    0x080083f4   0x00000068   Code   RO          648    i.SD_EnableWideBusOperation  sdio_sdcard.o
    0x0800845c   0x00000314   Code   RO          649    i.SD_GetCardInfo    sdio_sdcard.o
    0x08008770   0x00000130   Code   RO          651    i.SD_Init           sdio_sdcard.o
    0x080088a0   0x00000164   Code   RO          652    i.SD_InitializeCards  sdio_sdcard.o
    0x08008a04   0x000001e4   Code   RO          654    i.SD_PowerON        sdio_sdcard.o
    0x08008be8   0x00000154   Code   RO          655    i.SD_ProcessIRQSrc  sdio_sdcard.o
    0x08008d3c   0x00000268   Code   RO          656    i.SD_ReadBlock      sdio_sdcard.o
    0x08008fa4   0x00000098   Code   RO          657    i.SD_ReadDisk       sdio_sdcard.o
    0x0800903c   0x000002f4   Code   RO          658    i.SD_ReadMultiBlocks  sdio_sdcard.o
    0x08009330   0x00000030   Code   RO          659    i.SD_SelectDeselect  sdio_sdcard.o
    0x08009360   0x00000018   Code   RO          661    i.SD_SetDeviceMode  sdio_sdcard.o
    0x08009378   0x00000388   Code   RO          662    i.SD_WriteBlock     sdio_sdcard.o
    0x08009700   0x00000098   Code   RO          663    i.SD_WriteDisk      sdio_sdcard.o
    0x08009798   0x000003d0   Code   RO          664    i.SD_WriteMultiBlocks  sdio_sdcard.o
    0x08009b68   0x00000002   Code   RO          235    i.SVC_Handler       stm32f4xx_it.o
    0x08009b6a   0x00000002   PAD
    0x08009b6c   0x0000008c   Code   RO         1276    i.SendOnline        esp8266.o
    0x08009bf8   0x00000098   Code   RO         1277    i.SetNet            esp8266.o
    0x08009c90   0x000000ec   Code   RO          326    i.SetSysClock       system_stm32f4xx.o
    0x08009d7c   0x000001fc   Code   RO         1278    i.SetTime           esp8266.o
    0x08009f78   0x000000c8   Code   RO         5463    i.Show_Font         text.o
    0x0800a040   0x000000c2   Code   RO         5464    i.Show_Str          text.o
    0x0800a102   0x00000002   PAD
    0x0800a104   0x00000070   Code   RO         5465    i.Show_Str_Mid      text.o
    0x0800a174   0x00000028   Code   RO         1441    i.SysTick_CLKSourceConfig  misc.o
    0x0800a19c   0x00000002   Code   RO          236    i.SysTick_Handler   stm32f4xx_it.o
    0x0800a19e   0x00000002   PAD
    0x0800a1a0   0x00000068   Code   RO          328    i.SystemInit        system_stm32f4xx.o
    0x0800a208   0x0000008c   Code   RO          975    i.TIM3_IRQHandler   timer.o
    0x0800a294   0x0000005c   Code   RO          976    i.TIM3_Int_Init     timer.o
    0x0800a2f0   0x00000006   Code   RO         4037    i.TIM_ClearITPendingBit  stm32f4xx_tim.o
    0x0800a2f6   0x00000018   Code   RO         4042    i.TIM_Cmd           stm32f4xx_tim.o
    0x0800a30e   0x00000022   Code   RO         4063    i.TIM_GetITStatus   stm32f4xx_tim.o
    0x0800a330   0x00000012   Code   RO         4067    i.TIM_ITConfig      stm32f4xx_tim.o
    0x0800a342   0x00000004   Code   RO         4108    i.TIM_SetCounter    stm32f4xx_tim.o
    0x0800a346   0x00000002   PAD
    0x0800a348   0x00000084   Code   RO         4114    i.TIM_TimeBaseInit  stm32f4xx_tim.o
    0x0800a3cc   0x000001a8   Code   RO         1004    i.TP_Adj_Info_Show  touch.o
    0x0800a574   0x00000900   Code   RO         1005    i.TP_Adjust         touch.o
    0x0800ae74   0x00000070   Code   RO         1007    i.TP_Drow_Touch_Point  touch.o
    0x0800aee4   0x000000b0   Code   RO         1008    i.TP_Get_Adjdata    touch.o
    0x0800af94   0x000000a4   Code   RO         1009    i.TP_Init           touch.o
    0x0800b038   0x00000094   Code   RO         1010    i.TP_Read_AD        touch.o
    0x0800b0cc   0x00000078   Code   RO         1011    i.TP_Read_XOY       touch.o
    0x0800b144   0x00000030   Code   RO         1012    i.TP_Read_XY        touch.o
    0x0800b174   0x000000c0   Code   RO         1013    i.TP_Read_XY2       touch.o
    0x0800b234   0x00000080   Code   RO         1014    i.TP_Save_Adjdata   touch.o
    0x0800b2b4   0x000000fc   Code   RO         1015    i.TP_Scan           touch.o
    0x0800b3b0   0x0000004c   Code   RO         1016    i.TP_Write_Byte     touch.o
    0x0800b3fc   0x00000088   Code   RO         4646    i.USART1_IRQHandler  usart.o
    0x0800b484   0x0000007c   Code   RO         1279    i.USART2_IRQHandler  esp8266.o
    0x0800b500   0x00000018   Code   RO         3592    i.USART_Cmd         stm32f4xx_usart.o
    0x0800b518   0x000000f0   Code   RO         3594    i.USART_DeInit      stm32f4xx_usart.o
    0x0800b608   0x0000001a   Code   RO         3595    i.USART_GetFlagStatus  stm32f4xx_usart.o
    0x0800b622   0x00000054   Code   RO         3596    i.USART_GetITStatus  stm32f4xx_usart.o
    0x0800b676   0x0000004a   Code   RO         3598    i.USART_ITConfig    stm32f4xx_usart.o
    0x0800b6c0   0x000000d4   Code   RO         3599    i.USART_Init        stm32f4xx_usart.o
    0x0800b794   0x0000000a   Code   RO         3606    i.USART_ReceiveData  stm32f4xx_usart.o
    0x0800b79e   0x00000008   Code   RO         3609    i.USART_SendData    stm32f4xx_usart.o
    0x0800b7a6   0x00000004   Code   RO          237    i.UsageFault_Handler  stm32f4xx_it.o
    0x0800b7aa   0x00000030   Code   RO         6189    i.__ARM_fpclassify  m_wm.l(fpclassify.o)
    0x0800b7da   0x0000007a   Code   RO         5960    i.__hardfp_sqrt     m_wm.l(sqrt.o)
    0x0800b854   0x0000000e   Code   RO         5909    i._is_digit         c_w.l(__printf_wp.o)
    0x0800b862   0x00000006   Code   RO         4647    i._sys_exit         usart.o
    0x0800b868   0x00000090   Code   RO         4841    i.check_fs          ff.o
    0x0800b8f8   0x00000014   Code   RO         4842    i.chk_chr           ff.o
    0x0800b90c   0x00000024   Code   RO         1280    i.cleanReceiveData  esp8266.o
    0x0800b930   0x00000032   Code   RO         4843    i.clmt_clust        ff.o
    0x0800b962   0x0000001a   Code   RO         4844    i.clust2sect        ff.o
    0x0800b97c   0x00000090   Code   RO         4845    i.cmp_lfn           ff.o
    0x0800ba0c   0x00000012   Code   RO          665    i.convert_from_bytes_to_power_of_two  sdio_sdcard.o
    0x0800ba1e   0x000000d6   Code   RO         4846    i.create_chain      ff.o
    0x0800baf4   0x00000270   Code   RO         4847    i.create_name       ff.o
    0x0800bd64   0x000000dc   Code   RO         1281    i.decodeData        esp8266.o
    0x0800be40   0x0000003c   Code   RO         4588    i.delay_init        delay.o
    0x0800be7c   0x00000038   Code   RO         4589    i.delay_ms          delay.o
    0x0800beb4   0x0000004c   Code   RO         4590    i.delay_us          delay.o
    0x0800bf00   0x0000004c   Code   RO         4591    i.delay_xms         delay.o
    0x0800bf4c   0x0000005c   Code   RO         4848    i.dir_alloc         ff.o
    0x0800bfa8   0x000000ea   Code   RO         4849    i.dir_find          ff.o
    0x0800c092   0x00000110   Code   RO         4850    i.dir_next          ff.o
    0x0800c1a2   0x0000012a   Code   RO         4852    i.dir_register      ff.o
    0x0800c2cc   0x0000009e   Code   RO         4854    i.dir_sdi           ff.o
    0x0800c36a   0x00000020   Code   RO         4775    i.disk_initialize   diskio.o
    0x0800c38a   0x00000002   PAD
    0x0800c38c   0x0000006c   Code   RO         4776    i.disk_ioctl        diskio.o
    0x0800c3f8   0x00000056   Code   RO         4777    i.disk_read         diskio.o
    0x0800c44e   0x00000006   Code   RO         4778    i.disk_status       diskio.o
    0x0800c454   0x00000056   Code   RO         4779    i.disk_write        diskio.o
    0x0800c4aa   0x00000002   PAD
    0x0800c4ac   0x00000364   Code   RO         1282    i.esp8266_Init      esp8266.o
    0x0800c810   0x00000084   Code   RO         5187    i.exfuns_init       exfuns.o
    0x0800c894   0x00000024   Code   RO         4856    i.f_close           ff.o
    0x0800c8b8   0x0000028e   Code   RO         4861    i.f_lseek           ff.o
    0x0800cb46   0x00000002   PAD
    0x0800cb48   0x0000005c   Code   RO         4864    i.f_mount           ff.o
    0x0800cba4   0x00000180   Code   RO         4865    i.f_open            ff.o
    0x0800cd24   0x000001b0   Code   RO         4870    i.f_read            ff.o
    0x0800ced4   0x000000b0   Code   RO         4875    i.f_sync            ff.o
    0x0800cf84   0x000000b8   Code   RO         4876    i.f_truncate        ff.o
    0x0800d03c   0x000001ea   Code   RO         4879    i.f_write           ff.o
    0x0800d226   0x00000002   PAD
    0x0800d228   0x00000080   Code   RO         5385    i.ff_convert        mycc936.o
    0x0800d2a8   0x0000000e   Code   RO         4780    i.ff_memalloc       diskio.o
    0x0800d2b6   0x0000000e   Code   RO         4781    i.ff_memfree        diskio.o
    0x0800d2c4   0x00000038   Code   RO         5386    i.ff_wtoupper       mycc936.o
    0x0800d2fc   0x00000388   Code   RO         4880    i.find_volume       ff.o
    0x0800d684   0x00000080   Code   RO         4881    i.fit_lfn           ff.o
    0x0800d704   0x00000090   Code   RO         4882    i.follow_path       ff.o
    0x0800d794   0x0000001c   Code   RO         4648    i.fputc             usart.o
    0x0800d7b0   0x000000c8   Code   RO         4883    i.gen_numname       ff.o
    0x0800d878   0x000000e8   Code   RO         4884    i.get_fat           ff.o
    0x0800d960   0x00000004   Code   RO         4782    i.get_fattime       diskio.o
    0x0800d964   0x00000100   Code   RO         1238    i.get_keynum        key_board.o
    0x0800da64   0x0000004a   Code   RO         4886    i.get_ldnumber      ff.o
    0x0800daae   0x00000002   PAD
    0x0800dab0   0x00000164   Code   RO         1239    i.key_load_ui       key_board.o
    0x0800dc14   0x00000110   Code   RO         1240    i.key_staset        key_board.o
    0x0800dd24   0x00000020   Code   RO         4887    i.ld_clust          ff.o
    0x0800dd44   0x000003b0   Code   RO            3    i.main              main.o
    0x0800e0f4   0x00000026   Code   RO         4888    i.mem_cmp           ff.o
    0x0800e11a   0x0000001a   Code   RO         4889    i.mem_cpy           ff.o
    0x0800e134   0x00000014   Code   RO         4890    i.mem_set           ff.o
    0x0800e148   0x00000032   Code   RO         4891    i.move_window       ff.o
    0x0800e17a   0x00000002   PAD
    0x0800e17c   0x0000006c   Code   RO         4695    i.my_mem_free       malloc.o
    0x0800e1e8   0x00000044   Code   RO         4696    i.my_mem_init       malloc.o
    0x0800e22c   0x000000a8   Code   RO         4697    i.my_mem_malloc     malloc.o
    0x0800e2d4   0x00000040   Code   RO         4698    i.my_mem_perused    malloc.o
    0x0800e314   0x0000001c   Code   RO         1283    i.my_strstr         esp8266.o
    0x0800e330   0x00000024   Code   RO         4699    i.myfree            malloc.o
    0x0800e354   0x00000028   Code   RO         4700    i.mymalloc          malloc.o
    0x0800e37c   0x00000014   Code   RO         4702    i.mymemset          malloc.o
    0x0800e390   0x00000136   Code   RO         4893    i.put_fat           ff.o
    0x0800e4c6   0x0000006c   Code   RO         4895    i.remove_chain      ff.o
    0x0800e532   0x00000002   PAD
    0x0800e534   0x00000094   Code   RO         1284    i.sendAT            esp8266.o
    0x0800e5c8   0x000000a4   Code   RO         1285    i.sendBack          esp8266.o
    0x0800e66c   0x00000010   Code   RO         4896    i.st_clust          ff.o
    0x0800e67c   0x00000020   Code   RO         4897    i.sum_sfn           ff.o
    0x0800e69c   0x00000084   Code   RO         1286    i.switch_CMD        esp8266.o
    0x0800e720   0x000000c8   Code   RO         4898    i.sync_fs           ff.o
    0x0800e7e8   0x0000004c   Code   RO         4899    i.sync_window       ff.o
    0x0800e834   0x00000050   Code   RO         1287    i.u2_printf         esp8266.o
    0x0800e884   0x000000ac   Code   RO         4649    i.uart_init         usart.o
    0x0800e930   0x000000dc   Code   RO         1288    i.usart2_Init       esp8266.o
    0x0800ea0c   0x00000036   Code   RO         4900    i.validate          ff.o
    0x0800ea42   0x00000002   PAD
    0x0800ea44   0x0000002c   Code   RO         6029    locale$$code        c_w.l(lc_ctype_c.o)
    0x0800ea70   0x0000002c   Code   RO         6173    locale$$code        c_w.l(lc_numeric_c.o)
    0x0800ea9c   0x00000018   Code   RO         6033    x$fpl$dcmpinf       fz_wm.l(dcmpi.o)
    0x0800eab4   0x0000005a   Code   RO         5942    x$fpl$dfixu         fz_wm.l(dfixu.o)
    0x0800eb0e   0x00000026   Code   RO         5946    x$fpl$dfltu         fz_wm.l(dflt_clz.o)
    0x0800eb34   0x00000078   Code   RO         5952    x$fpl$dleqf         fz_wm.l(dleqf.o)
    0x0800ebac   0x00000154   Code   RO         5954    x$fpl$dmul          fz_wm.l(dmul.o)
    0x0800ed00   0x0000009c   Code   RO         6035    x$fpl$dnaninf       fz_wm.l(dnaninf.o)
    0x0800ed9c   0x0000000c   Code   RO         6037    x$fpl$dretinf       fz_wm.l(dretinf.o)
    0x0800eda8   0x0000006c   Code   RO         5956    x$fpl$drleqf        fz_wm.l(drleqf.o)
    0x0800ee14   0x00000198   Code   RO         6039    x$fpl$dsqrt         fz_wm.l(dsqrt_umaal.o)
    0x0800efac   0x00000056   Code   RO         5958    x$fpl$f2d           fz_wm.l(f2d.o)
    0x0800f002   0x0000008c   Code   RO         6041    x$fpl$fnaninf       fz_wm.l(fnaninf.o)
    0x0800f08e   0x0000000a   Code   RO         6185    x$fpl$fpinit        fz_wm.l(fpinit.o)
    0x0800f098   0x00000004   Code   RO         6043    x$fpl$printf1       fz_wm.l(printf1.o)
    0x0800f09c   0x00000004   Code   RO         6045    x$fpl$printf2       fz_wm.l(printf2.o)
    0x0800f0a0   0x00000000   Code   RO         6051    x$fpl$usenofp       fz_wm.l(usenofp.o)
    0x0800f0a0   0x000017c0   Data   RO          429    .constdata          lcd.o
    0x08010860   0x0000000c   Data   RO          909    .constdata          rtc.o
    0x0801086c   0x00000004   Data   RO         1017    .constdata          touch.o
    0x08010870   0x00000024   Data   RO         4709    .constdata          malloc.o
    0x08010894   0x0000003a   Data   RO         4902    .constdata          ff.o
    0x080108ce   0x000003c0   Data   RO         5387    .constdata          mycc936.o
    0x08010c8e   0x00000028   Data   RO         5897    .constdata          c_w.l(_printf_hex_int_ll_ptr.o)
    0x08010cb6   0x00000011   Data   RO         5917    .constdata          c_w.l(__printf_flags_ss_wp.o)
    0x08010cc7   0x00000001   PAD
    0x08010cc8   0x00000008   Data   RO         5999    .constdata          c_w.l(_printf_wctomb.o)
    0x08010cd0   0x00000026   Data   RO         6084    .constdata          c_w.l(_printf_fp_hex.o)
    0x08010cf6   0x00000002   PAD
    0x08010cf8   0x00000094   Data   RO         6148    .constdata          c_w.l(bigflt0.o)
    0x08010d8c   0x00000079   Data   RO         1018    .conststring        touch.o
    0x08010e05   0x00000003   PAD
    0x08010e08   0x00000043   Data   RO         1241    .conststring        key_board.o
    0x08010e4b   0x00000001   PAD
    0x08010e4c   0x00000020   Data   RO         6266    Region$$Table       anon$$obj.o
    0x08010e6c   0x00000110   Data   RO         6028    locale$$data        c_w.l(lc_ctype_c.o)
    0x08010f7c   0x0000001c   Data   RO         6172    locale$$data        c_w.l(lc_numeric_c.o)


    Execution Region RW_IRAM1 (Base: 0x20000000, Size: 0x0001bdc8, Max: 0x00020000, ABSOLUTE)

    Base Addr    Size         Type   Attr      Idx    E Section Name        Object

    0x20000000   0x0000000a   Data   RW            4    .data               main.o
    0x2000000a   0x00000004   Data   RW          430    .data               lcd.o
    0x2000000e   0x00000002   PAD
    0x20000010   0x00000010   Data   RW          667    .data               sdio_sdcard.o
    0x20000020   0x00000004   Data   RW          977    .data               timer.o
    0x20000024   0x00000036   Data   RW         1019    .data               touch.o
    0x2000005a   0x00000002   PAD
    0x2000005c   0x00000041   Data   RW         1242    .data               key_board.o
    0x2000009d   0x00000003   PAD
    0x200000a0   0x00000029   Data   RW         1290    .data               esp8266.o
    0x200000c9   0x00000010   Data   RW         2595    .data               stm32f4xx_rcc.o
    0x200000d9   0x00000001   PAD
    0x200000da   0x00000004   Data   RW         4592    .data               delay.o
    0x200000de   0x00000002   PAD
    0x200000e0   0x00000006   Data   RW         4651    .data               usart.o
    0x200000e6   0x00000002   PAD
    0x200000e8   0x00000024   Data   RW         4710    .data               malloc.o
    0x2000010c   0x00000002   Data   RW         4903    .data               ff.o
    0x2000010e   0x00000002   PAD
    0x20000110   0x00000014   Data   RW         5192    .data               exfuns.o
    0x20000124   0x00000004   Data   RW         5467    .data               text.o
    0x20000128   0x0000000e   Zero   RW          428    .bss                lcd.o
    0x20000136   0x00000002   PAD
    0x20000138   0x000002c0   Zero   RW          666    .bss                sdio_sdcard.o
    0x200003f8   0x0000000a   Zero   RW          908    .bss                rtc.o
    0x20000402   0x00000002   PAD
    0x20000404   0x000006d8   Zero   RW         1289    .bss                esp8266.o
    0x20000adc   0x000000c8   Zero   RW         4650    .bss                usart.o
    0x20000ba4   0x0000001c   PAD
    0x20000bc0   0x0001a900   Zero   RW         4708    .bss                malloc.o
    0x2001b4c0   0x0000000c   Zero   RW         4901    .bss                ff.o
    0x2001b4cc   0x00000050   Zero   RW         5189    .bss                exfuns.o
    0x2001b51c   0x00000021   Zero   RW         5416    .bss                fontupd.o
    0x2001b53d   0x00000003   PAD
    0x2001b540   0x00000228   Zero   RW         5466    .bss                text.o
    0x2001b768   0x00000060   Zero   RW         6053    .bss                c_w.l(libspace.o)
    0x2001b7c8   0x00000200   Zero   RW          362    HEAP                startup_stm32f40_41xxx.o
    0x2001b9c8   0x00000400   Zero   RW          361    STACK               startup_stm32f40_41xxx.o



  Load Region LR$$.ARM.__AT_0x10000000 (Base: 0x10000000, Size: 0x00000000, Max: 0x0000f000, ABSOLUTE)

    Execution Region ER$$.ARM.__AT_0x10000000 (Base: 0x10000000, Size: 0x0000f000, Max: 0x0000f000, ABSOLUTE, UNINIT)

    Base Addr    Size         Type   Attr      Idx    E Section Name        Object

    0x10000000   0x0000f000   Zero   RW         4704    .ARM.__AT_0x10000000  malloc.o



  Load Region LR$$.ARM.__AT_0x1000F000 (Base: 0x1000f000, Size: 0x00000000, Max: 0x00000f00, ABSOLUTE)

    Execution Region ER$$.ARM.__AT_0x1000F000 (Base: 0x1000f000, Size: 0x00000f00, Max: 0x00000f00, ABSOLUTE, UNINIT)

    Base Addr    Size         Type   Attr      Idx    E Section Name        Object

    0x1000f000   0x00000f00   Zero   RW         4705    .ARM.__AT_0x1000F000  malloc.o



  Load Region LR$$.ARM.__AT_0x68000000 (Base: 0x68000000, Size: 0x00000000, Max: 0x000f0000, ABSOLUTE)

    Execution Region ER$$.ARM.__AT_0x68000000 (Base: 0x68000000, Size: 0x000f0000, Max: 0x000f0000, ABSOLUTE, UNINIT)

    Base Addr    Size         Type   Attr      Idx    E Section Name        Object

    0x68000000   0x000f0000   Zero   RW         4706    .ARM.__AT_0x68000000  malloc.o



  Load Region LR$$.ARM.__AT_0x680F0000 (Base: 0x680f0000, Size: 0x00000000, Max: 0x0000f000, ABSOLUTE)

    Execution Region ER$$.ARM.__AT_0x680F0000 (Base: 0x680f0000, Size: 0x0000f000, Max: 0x0000f000, ABSOLUTE, UNINIT)

    Base Addr    Size         Type   Attr      Idx    E Section Name        Object

    0x680f0000   0x0000f000   Zero   RW         4707    .ARM.__AT_0x680F0000  malloc.o


==============================================================================

Image component sizes


      Code (inc. data)   RO Data    RW Data    ZI Data      Debug   Object Name

       262          0          0          0          0       3313   24cxx.o
       268         16          0          4          0       2627   delay.o
       414         30          0          0          0       4212   dht11.o
       350          6          0          0          0       6623   diskio.o
      3400        964          0         41       1752      14013   esp8266.o
       132         18          0         20         80       1666   exfuns.o
      7368         66         58          2         12      40664   ff.o
         0          0          0          0         33       1489   fontupd.o
        68          8          0          0          0        559   key.o
       884         60         67         65          0       3222   key_board.o
     18218        218       6080          4         14      27191   lcd.o
        64          4          0          0          0        555   led.o
       944        210          0         10          0     331705   main.o
       504         60         36         36    1218560       6730   malloc.o
       180         24          0          0          0       2161   misc.o
       184         16        960          0          0       1979   mycc936.o
       696        110          0          0          0       4718   myiic.o
       630         50         12          0         10       6015   rtc.o
      7482        400          0         16        704      35349   sdio_sdcard.o
        64         26        392          0       1536        852   startup_stm32f40_41xxx.o
       496         26          0          0          0       4392   stm32f4xx_dma.o
        12          6          0          0          0        561   stm32f4xx_exti.o
       282          6          0          0          0       1885   stm32f4xx_fsmc.o
       218          0          0          0          0       2398   stm32f4xx_gpio.o
        26          0          0          0          0       4250   stm32f4xx_it.o
        12          6          0          0          0        554   stm32f4xx_pwr.o
       604         78          0         16          0       8997   stm32f4xx_rcc.o
      1154         82          0          0          0      10913   stm32f4xx_rtc.o
       208         38          0          0          0       5841   stm32f4xx_sdio.o
       218         28          0          0          0       4363   stm32f4xx_tim.o
       678         42          0          0          0       6332   stm32f4xx_usart.o
        16          0          0          0          0        508   sys.o
       340         32          0          0          0       1533   system_stm32f4xx.o
       830         62          0          4        552       4666   text.o
       232         26          0          4          0       1609   timer.o
      4144        256        125         54          0      10985   touch.o
       342         28          0          6        200       4432   usart.o

    ----------------------------------------------------------------------
     51972       3002       7766        296    1223488     569862   Object Totals
         0          0         32          0          0          0   (incl. Generated)
        48          0          4         14         35          0   (incl. Padding)

    ----------------------------------------------------------------------

      Code (inc. data)   RO Data    RW Data    ZI Data      Debug   Library Member Name

        24          4          0          0          0         84   __2printf.o
        44          6          0          0          0         84   __2sprintf.o
         8          0          0          0          0         68   __main.o
       392          4         17          0          0         92   __printf_flags_ss_wp.o
        14          0          0          0          0         68   __printf_wp.o
         0          0          0          0          0          0   __rtentry.o
        12          0          0          0          0          0   __rtentry2.o
         6          0          0          0          0          0   __rtentry4.o
        52          8          0          0          0          0   __scatter.o
        26          0          0          0          0          0   __scatter_copy.o
        28          0          0          0          0          0   __scatter_zi.o
         6          0          0          0          0          0   _printf_a.o
         6          0          0          0          0          0   _printf_c.o
        44          0          0          0          0        108   _printf_char.o
        48          6          0          0          0         96   _printf_char_common.o
        36          4          0          0          0         80   _printf_char_file.o
        40          0          0          0          0         68   _printf_charcount.o
         6          0          0          0          0          0   _printf_d.o
       120         16          0          0          0         92   _printf_dec.o
         6          0          0          0          0          0   _printf_e.o
         6          0          0          0          0          0   _printf_f.o
      1050          0          0          0          0        216   _printf_fp_dec.o
       764          8         38          0          0        100   _printf_fp_hex.o
       128         16          0          0          0         84   _printf_fp_infnan.o
         6          0          0          0          0          0   _printf_g.o
       148          4         40          0          0        160   _printf_hex_int_ll_ptr.o
         6          0          0          0          0          0   _printf_i.o
       178          0          0          0          0         88   _printf_intcommon.o
        10          0          0          0          0          0   _printf_l.o
         6          0          0          0          0          0   _printf_lc.o
        10          0          0          0          0          0   _printf_ll.o
         6          0          0          0          0          0   _printf_lld.o
         6          0          0          0          0          0   _printf_lli.o
         6          0          0          0          0          0   _printf_llo.o
         6          0          0          0          0          0   _printf_llu.o
         6          0          0          0          0          0   _printf_llx.o
       124         16          0          0          0         92   _printf_longlong_dec.o
         6          0          0          0          0          0   _printf_ls.o
         6          0          0          0          0          0   _printf_n.o
         6          0          0          0          0          0   _printf_o.o
       112         10          0          0          0        124   _printf_oct_int_ll.o
         6          0          0          0          0          0   _printf_p.o
        78          0          0          0          0        108   _printf_pad.o
         0          0          0          0          0          0   _printf_percent.o
         4          0          0          0          0          0   _printf_percent_end.o
         6          0          0          0          0          0   _printf_s.o
        82          0          0          0          0         80   _printf_str.o
        36          0          0          0          0         84   _printf_truncate.o
         6          0          0          0          0          0   _printf_u.o
        44          0          0          0          0        108   _printf_wchar.o
       188          6          8          0          0         92   _printf_wctomb.o
         6          0          0          0          0          0   _printf_x.o
        22          0          0          0          0        100   _rserrno.o
        10          0          0          0          0         68   _sputc.o
        64          0          0          0          0         92   _wcrtomb.o
       220          4        148          0          0         96   bigflt0.o
      1910        128          0          0          0        672   btod.o
        18          0          0          0          0         80   exit.o
         8          0          0          0          0         68   ferror.o
         6          0          0          0          0        152   heapauxi.o
        44         10        272          0          0         76   lc_ctype_c.o
        44         10         28          0          0         76   lc_numeric_c.o
         2          0          0          0          0          0   libinit.o
        34          0          0          0          0          0   libinit2.o
         2          0          0          0          0          0   libshutdown.o
         2          0          0          0          0          0   libshutdown2.o
         8          4          0          0         96         68   libspace.o
        72          0          0          0          0         76   llsdiv.o
       138          0          0          0          0         80   lludiv10.o
       238          0          0          0          0        100   lludivv7m.o
        16          4          0          0          0         76   rt_ctype_table.o
         8          4          0          0          0         68   rt_errno_addr_intlibspace.o
         8          4          0          0          0         68   rt_locale_intlibspace.o
        78          0          0          0          0         80   rt_memclr_w.o
       138          0          0          0          0         68   rt_memcpy_v6.o
       100          0          0          0          0         80   rt_memcpy_w.o
         2          0          0          0          0          0   rtexit.o
        10          0          0          0          0          0   rtexit2.o
       128          0          0          0          0         68   strcmpv7m.o
        62          0          0          0          0         76   strlen.o
        36          0          0          0          0         80   strstr.o
        74          0          0          0          0         80   sys_stackheap_outer.o
         2          0          0          0          0         68   use_no_semi.o
         2          0          0          0          0         68   use_no_semi_2.o
        36          4          0          0          0         76   vsprintf.o
        24          0          0          0          0        116   dcmpi.o
        90          4          0          0          0        140   dfixu.o
        38          0          0          0          0        116   dflt_clz.o
       120          4          0          0          0        140   dleqf.o
       340         12          0          0          0        152   dmul.o
       156          4          0          0          0        140   dnaninf.o
        12          0          0          0          0        116   dretinf.o
       108          0          0          0          0        128   drleqf.o
       408         56          0          0          0        168   dsqrt_umaal.o
        86          4          0          0          0        132   f2d.o
       140          4          0          0          0        132   fnaninf.o
        10          0          0          0          0        116   fpinit.o
         4          0          0          0          0        116   printf1.o
         4          0          0          0          0        116   printf2.o
         0          0          0          0          0          0   usenofp.o
        48          0          0          0          0        124   fpclassify.o
       122          0          0          0          0        148   sqrt.o

    ----------------------------------------------------------------------
      9236        368        554          0         96       7036   Library Totals
        14          0          3          0          0          0   (incl. Padding)

    ----------------------------------------------------------------------

      Code (inc. data)   RO Data    RW Data    ZI Data      Debug   Library Name

      7512        280        551          0         96       4936   c_w.l
      1540         88          0          0          0       1828   fz_wm.l
       170          0          0          0          0        272   m_wm.l

    ----------------------------------------------------------------------
      9236        368        554          0         96       7036   Library Totals

    ----------------------------------------------------------------------

==============================================================================


      Code (inc. data)   RO Data    RW Data    ZI Data      Debug   

     61208       3370       8320        296    1223584     548142   Grand Totals
     61208       3370       8320        296    1223584     548142   ELF Image Totals
     61208       3370       8320        296          0          0   ROM Totals

==============================================================================

    Total RO  Size (Code + RO Data)                69528 (  67.90kB)
    Total RW  Size (RW Data + ZI Data)           1223880 (1195.20kB)
    Total ROM Size (Code + RO Data + RW Data)      69824 (  68.19kB)

==============================================================================

