<html>
<body>
<pre>
<h1>礦ision Build Log</h1>
<h2>Tool Versions:</h2>
IDE-Version: μVision V5.22.0.0
Copyright (C) 2016 ARM Ltd and ARM Germany GmbH. All rights reserved.
License Information: 鲁 亮, 重庆理工大学, LIC=FQQMM-XCDEF-5BPEB-2XIU4-95MIF-M7TIJ
 
Tool Versions:
Toolchain:       MDK-ARM Professional  Version: 5.22
Toolchain Path:  C:\Work\Keil_v5\ARM\ARMCC\Bin
C Compiler:      Armcc.exe V5.06 update 4 (build 422)
Assembler:       Armasm.exe V5.06 update 4 (build 422)
Linker/Locator:  ArmLink.exe V5.06 update 4 (build 422)
Library Manager: ArmAr.exe V5.06 update 4 (build 422)
Hex Converter:   FromElf.exe V5.06 update 4 (build 422)
CPU DLL:         SARMCM3.DLL V5.22
Dialog DLL:      DCM.DLL V1.13.9.0
Target DLL:      Segger\JL2CM3.dll V2.99.23.0
Dialog DLL:      TCM.DLL V1.21.0.0
 
<h2>Project:</h2>
F:\文档\研究生项目\无线门禁系统\wirelessroom_device_master\USER\Project.uvprojx
Project File Date:  01/16/2019

<h2>Output:</h2>
*** Using Compiler 'V5.06 update 4 (build 422)', folder: 'C:\Work\Keil_v5\ARM\ARMCC\Bin'
Build target 'Target'
compiling timer.c...
compiling dht11.c...
compiling main.c...
main.c(197): warning:  #111-D: statement is unreachable
  	return 0;
main.c(29): warning:  #177-D: variable "res"  was declared but never referenced
  	u8 res;
main.c: 2 warnings, 0 errors
linking...
Program Size: Code=61208 RO-data=8320 RW-data=296 ZI-data=1223584  
FromELF: creating hex file...
"..\OBJ\Project.axf" - 0 Error(s), 2 Warning(s).

<h2>Collection of Component include folders:</h2>
  F:\文档\研究生项目\无线门禁系统\wirelessroom_device_master\USER\RTE\_Target
  C:\Work\Keil_v5\ARM\PACK\Keil\STM32F4xx_DFP\2.12.0\Drivers\CMSIS\Device\ST\STM32F4xx\Include

<h2>Collection of Component Files used:</h2>
Build Time Elapsed:  00:00:11
</pre>
</body>
</html>
